$ ["D:\\vibes\\fpga\\toolchains\\msys64\\ucrt64\\bin\\python.exe", "-m", "unittest", "discover", "-s", "D:\\Arcade\\AI\\aCORES\\Diablo\\.work\\build\\verification\\diablo-verify-1ead6a30-5371-4892-9f0a-b7b05e2a5079-2nsd_aoi\\support\\tests", "-p", "test_*.py", "-v"]

test_candidate_bound_profile_runs_without_shell (test_board_runner.BoardRunnerTest.test_candidate_bound_profile_runs_without_shell) ... ok
test_cli_publishes_immutable_result (test_board_runner.BoardRunnerTest.test_cli_publishes_immutable_result) ... {"ok": true, "result": "D:\\vibes\\fpga\\temp\\.ctx-mode-c2vQ6O\\tmp0bdm4n14\\receipts\\board.json"}
{"error": "refusing to replace board result: D:\\vibes\\fpga\\temp\\.ctx-mode-c2vQ6O\\tmp0bdm4n14\\receipts\\board.json", "ok": false}
ok
test_command_failure_is_recorded (test_board_runner.BoardRunnerTest.test_command_failure_is_recorded) ... ok
test_explicit_untested_non_hdmi_modes_are_admitted_without_capture (test_board_runner.BoardRunnerTest.test_explicit_untested_non_hdmi_modes_are_admitted_without_capture) ... ok
test_missing_hdmi_qualification_blocks_execution (test_board_runner.BoardRunnerTest.test_missing_hdmi_qualification_blocks_execution) ... ok
test_missing_non_hdmi_mode_is_rejected_as_silent_loss (test_board_runner.BoardRunnerTest.test_missing_non_hdmi_mode_is_rejected_as_silent_loss) ... ok
test_missing_observation_blocks_execution (test_board_runner.BoardRunnerTest.test_missing_observation_blocks_execution) ... ok
test_non_hdmi_pass_is_rejected (test_board_runner.BoardRunnerTest.test_non_hdmi_pass_is_rejected) ... ok
test_non_hdmi_video_observation_cannot_claim_hdmi (test_board_runner.BoardRunnerTest.test_non_hdmi_video_observation_cannot_claim_hdmi) ... ok
test_git_identity_preserves_leading_porcelain_space (test_candidate_manifest.CandidateManifestTests.test_git_identity_preserves_leading_porcelain_space) ... ok
test_interpreter_caches_are_excluded_from_source_identity (test_candidate_manifest.CandidateManifestTests.test_interpreter_caches_are_excluded_from_source_identity) ... ok
test_manifest_publication_refuses_to_replace_a_record (test_candidate_manifest.CandidateManifestTests.test_manifest_publication_refuses_to_replace_a_record) ... ok
test_source_and_artifact_changes_invalidate_identity (test_candidate_manifest.CandidateManifestTests.test_source_and_artifact_changes_invalidate_identity) ... ok
test_symlink_artifact_is_rejected_before_hashing (test_candidate_manifest.CandidateManifestTests.test_symlink_artifact_is_rejected_before_hashing) ... ok
test_symlinked_artifact_parent_is_rejected_before_resolution (test_candidate_manifest.CandidateManifestTests.test_symlinked_artifact_parent_is_rejected_before_resolution) ... ok
test_symlinked_input_directory_entry_is_rejected_before_hashing (test_candidate_manifest.CandidateManifestTests.test_symlinked_input_directory_entry_is_rejected_before_hashing) ... ok
test_symlinked_input_parent_is_rejected_before_resolution (test_candidate_manifest.CandidateManifestTests.test_symlinked_input_parent_is_rejected_before_resolution) ... ok
test_verification_rejects_malformed_manifest_without_throwing (test_candidate_manifest.CandidateManifestTests.test_verification_rejects_malformed_manifest_without_throwing) ... ok
test_verification_rejects_mutated_artifact (test_candidate_manifest.CandidateManifestTests.test_verification_rejects_mutated_artifact) ... ok
test_verification_rejects_redirected_manifest (test_candidate_manifest.CandidateManifestTests.test_verification_rejects_redirected_manifest) ... ok
test_bad_benchmark_is_rejected_even_with_valid_hash (test_closure_gates.ClosureGateTest.test_bad_benchmark_is_rejected_even_with_valid_hash) ... ok
test_changed_physical_scope_invalidates_matrix_bound_record (test_closure_gates.ClosureGateTest.test_changed_physical_scope_invalidates_matrix_bound_record) ... ok
test_changed_source_identity_invalidates_evidence (test_closure_gates.ClosureGateTest.test_changed_source_identity_invalidates_evidence) ... ok
test_complete_synthetic_fixture_is_eligible (test_closure_gates.ClosureGateTest.test_complete_synthetic_fixture_is_eligible) ... ok
test_duplicate_evidence_is_rejected (test_closure_gates.ClosureGateTest.test_duplicate_evidence_is_rejected) ... ok
test_failing_result_is_rejected_even_with_valid_hash (test_closure_gates.ClosureGateTest.test_failing_result_is_rejected_even_with_valid_hash) ... ok
test_matrix_covers_plan_and_declares_targets (test_closure_gates.ClosureGateTest.test_matrix_covers_plan_and_declares_targets) ... ok
test_missing_hdmi_physical_qualification_blocks (test_closure_gates.ClosureGateTest.test_missing_hdmi_physical_qualification_blocks) ... ok
test_null_candidate_is_rejected (test_closure_gates.ClosureGateTest.test_null_candidate_is_rejected) ... ok
test_open_item_cannot_be_promoted (test_closure_gates.ClosureGateTest.test_open_item_cannot_be_promoted) ... ok
test_output_rows_cannot_collapse_to_generic_video_claim (test_closure_gates.ClosureGateTest.test_output_rows_cannot_collapse_to_generic_video_claim) ... ok
test_tampered_receipt_is_rejected (test_closure_gates.ClosureGateTest.test_tampered_receipt_is_rejected) ... ok
test_unauthorized_non_hdmi_pass_blocks (test_closure_gates.ClosureGateTest.test_unauthorized_non_hdmi_pass_blocks) ... ok
test_quartus_generated_build_id_is_restored_for_followup_actions (test_compile_fpga_snapshot.FpgaSnapshotTests.test_quartus_generated_build_id_is_restored_for_followup_actions) ... ok
test_sync_copies_complete_manifest_and_revalidates (test_compile_fpga_snapshot.FpgaSnapshotTests.test_sync_copies_complete_manifest_and_revalidates) ... ok
test_sync_refuses_non_empty_destination (test_compile_fpga_snapshot.FpgaSnapshotTests.test_sync_refuses_non_empty_destination) ... ok
test_tampered_snapshot_is_rejected_before_quartus (test_compile_fpga_snapshot.FpgaSnapshotTests.test_tampered_snapshot_is_rejected_before_quartus) ... ok
test_apply_is_idempotent_and_does_not_replace_first_backup (test_controller_preset.ControllerPresetTests.test_apply_is_idempotent_and_does_not_replace_first_backup) ... ok
test_apply_preserves_unrelated_sections_and_settings (test_controller_preset.ControllerPresetTests.test_apply_preserves_unrelated_sections_and_settings) ... ok
test_apply_replaces_conflicting_and_duplicate_padmapping_entries (test_controller_preset.ControllerPresetTests.test_apply_replaces_conflicting_and_duplicate_padmapping_entries) ... ok
test_backup_preserves_original_bytes_exactly (test_controller_preset.ControllerPresetTests.test_backup_preserves_original_bytes_exactly) ... ok
test_default_check_is_read_only_and_reports_incomplete (test_controller_preset.ControllerPresetTests.test_default_check_is_read_only_and_reports_incomplete) ... {"backup": null, "changed": null, "config": "D:\\vibes\\fpga\\temp\\.ctx-mode-c2vQ6O\\tmpv35axxnw\\diablo.ini", "conflicting": ["[Game] Quick Cast", "[Padmapping] PrimaryAction"], "duplicate": [], "missing": ["[Game] Auto Refill Belt", "[Game] Auto Gold Pickup", "[Padmapping] QuickSpell1", "[Padmapping] QuickSpell2", "[Padmapping] QuickSpell3", "[Padmapping] QuickSpell4", "[Padmapping] SecondaryAction", "[Padmapping] SpellAction", "[Padmapping] CancelAction", "[Padmapping] DisplaySpells", "[Padmapping] UseHealthPotion", "[Padmapping] UseManaPotion", "[Padmapping] StandGround", "[Padmapping] ToggleItemHighlighting", "[Padmapping] SpellBook", "[Padmapping] Inventory", "[Padmapping] QuestLog", "[Padmapping] Character", "[Padmapping] ToggleAutomap", "[Padmapping] ToggleGameMenu1", "[Padmapping] LeftMouseClick1", "[Padmapping] RightMouseClick1", "[Padmapping] AutomapMoveUp", "[Padmapping] AutomapMoveDown", "[Padmapping] AutomapMoveLeft", "[Padmapping] AutomapMoveRight", "[Padmapping] MoveUp", "[Padmapping] MoveDown", "[Padmapping] MoveLeft", "[Padmapping] MoveRight", "[Padmapping] MouseUp", "[Padmapping] MouseDown", "[Padmapping] MouseLeft", "[Padmapping] MouseRight", "[Padmapping] LeftMouseClick2", "[Padmapping] RightMouseClick2", "[Padmapping] PadHotspellMenu", "[Padmapping] PadMenuNavigator", "[Padmapping] ToggleGameMenu2"], "release_readiness": "requires-complete-controller-behavior-implementation-before-release", "status": "incomplete"}
ok
test_existing_temporary_file_is_preserved_on_refusal (test_controller_preset.ControllerPresetTests.test_existing_temporary_file_is_preserved_on_refusal) ... ok
test_malformed_config_refuses_before_backup_or_write (test_controller_preset.ControllerPresetTests.test_malformed_config_refuses_before_backup_or_write) ... ok
test_install_preserves_user_data_and_second_install_is_idempotent (test_deploy_package.DeployPackageTest.test_install_preserves_user_data_and_second_install_is_idempotent) ... ok
test_interrupted_update_leaves_previous_activation_untouched (test_deploy_package.DeployPackageTest.test_interrupted_update_leaves_previous_activation_untouched) ... ok
test_tampered_active_release_is_rejected (test_deploy_package.DeployPackageTest.test_tampered_active_release_is_rejected) ... ok
test_update_and_rollback_switch_only_activation_record (test_deploy_package.DeployPackageTest.test_update_and_rollback_switch_only_activation_record) ... ok
test_private_data_flag_is_required (test_deployment_manifest.DeploymentManifestTest.test_private_data_flag_is_required) ... ok
test_runtime_artifact_mutation_is_rejected (test_deployment_manifest.DeploymentManifestTest.test_runtime_artifact_mutation_is_rejected) ... ok
test_runtime_only_manifest_verifies_without_git_checkout (test_deployment_manifest.DeploymentManifestTest.test_runtime_only_manifest_verifies_without_git_checkout) ... ok
test_candidate_artifact_rejects_symlinked_parent_before_resolution (test_diablo_launch.DiabloLaunchTest.test_candidate_artifact_rejects_symlinked_parent_before_resolution) ... ok
test_exclusive_transport_lease_blocks_second_launch_before_loader (test_diablo_launch.DiabloLaunchTest.test_exclusive_transport_lease_blocks_second_launch_before_loader) ... ok
test_loader_failure_does_not_start_runtime_or_leave_admission (test_diablo_launch.DiabloLaunchTest.test_loader_failure_does_not_start_runtime_or_leave_admission) ... ok
test_main_requires_loader_and_runtime_together (test_diablo_launch.DiabloLaunchTest.test_main_requires_loader_and_runtime_together) ... {"error": "loader and runtime commands must be supplied together", "schema": "diablo-launch-contract-v1", "status": "fail"}
ok
test_preflight_rejects_symlink_artifact_before_resolution (test_diablo_launch.DiabloLaunchTest.test_preflight_rejects_symlink_artifact_before_resolution) ... ok
test_preflight_rejects_symlink_manifest_before_reading (test_diablo_launch.DiabloLaunchTest.test_preflight_rejects_symlink_manifest_before_reading) ... ok
test_preflight_rejects_symlinked_manifest_parent_before_reading (test_diablo_launch.DiabloLaunchTest.test_preflight_rejects_symlinked_manifest_parent_before_reading) ... ok
test_preflight_requires_matching_candidate_and_writable_paths (test_diablo_launch.DiabloLaunchTest.test_preflight_requires_matching_candidate_and_writable_paths) ... ok
test_supervision_waits_for_ready_and_cleans_admission (test_diablo_launch.DiabloLaunchTest.test_supervision_waits_for_ready_and_cleans_admission) ... ok
test_transport_lease_rejects_redirected_lock_path (test_diablo_launch.DiabloLaunchTest.test_transport_lease_rejects_redirected_lock_path) ... skipped "symlink creation unavailable: [WinError 1314] A required privilege is not held by the client: 'D:\\\\vibes\\\\fpga\\\\temp\\\\.ctx-mode-c2vQ6O\\\\tmp4qu31oju\\\\outside-lock' -> 'D:\\\\vibes\\\\fpga\\\\temp\\\\.ctx-mode-c2vQ6O\\\\tmp4qu31oju\\\\runtime\\\\locks\\\\transport.lock'"
test_inventory_does_not_require_or_execute_legacy_runner (test_foundation.DoctorTests.test_inventory_does_not_require_or_execute_legacy_runner) ... ok
test_missing_compiler_still_reported (test_foundation.DoctorTests.test_missing_compiler_still_reported) ... ok
test_lock_has_only_immutable_source_commits (test_foundation.MpqBoundsTests.test_lock_has_only_immutable_source_commits) ... ok
test_rejects_declared_size_larger_than_file (test_foundation.MpqBoundsTests.test_rejects_declared_size_larger_than_file) ... ok
test_rejects_missing_signature (test_foundation.MpqBoundsTests.test_rejects_missing_signature) ... ok
test_rejects_table_outside_archive (test_foundation.MpqBoundsTests.test_rejects_table_outside_archive) ... ok
test_rejects_unknown_version_instead_of_assuming_v0 (test_foundation.MpqBoundsTests.test_rejects_unknown_version_instead_of_assuming_v0) ... ok
test_valid_minimal_table_extents (test_foundation.MpqBoundsTests.test_valid_minimal_table_extents) ... ok
test_identity_change_is_rejected_without_replacing_manifest (test_foundation.PrivateDataTests.test_identity_change_is_rejected_without_replacing_manifest) ... ok
test_accepts_clean_exact_identity (test_foundation.SourceAdmissionTests.test_accepts_clean_exact_identity) ... ok
test_rejects_modified_tracked_file (test_foundation.SourceAdmissionTests.test_rejects_modified_tracked_file) ... ok
test_rejects_untracked_file (test_foundation.SourceAdmissionTests.test_rejects_untracked_file) ... ok
test_rejects_wrong_commit (test_foundation.SourceAdmissionTests.test_rejects_wrong_commit) ... ok
test_rejects_wrong_origin (test_foundation.SourceAdmissionTests.test_rejects_wrong_origin) ... ok
test_empty_series_are_not_equality_evidence (test_frame_comparison.FrameComparisonTests.test_empty_series_are_not_equality_evidence) ... ok
test_equal_complete_series (test_frame_comparison.FrameComparisonTests.test_equal_complete_series) ... ok
test_missing_frame_is_rejected (test_frame_comparison.FrameComparisonTests.test_missing_frame_is_rejected) ... ok
test_partial_capture_is_rejected (test_frame_comparison.FrameComparisonTests.test_partial_capture_is_rejected) ... ok
test_unused_palette_entry_is_compared (test_frame_comparison.FrameComparisonTests.test_unused_palette_entry_is_compared) ... ok
test_wrong_time_and_truncation_are_rejected (test_frame_comparison.FrameComparisonTests.test_wrong_time_and_truncation_are_rejected) ... ok
test_broken_link_and_prose_command_fail (test_guide_status.GuideStatusTest.test_broken_link_and_prose_command_fail) ... ok
test_consistent_guides_pass (test_guide_status.GuideStatusTest.test_consistent_guides_pass) ... ok
test_stale_plan_digest_fails (test_guide_status.GuideStatusTest.test_stale_plan_digest_fails) ... ok
test_build_root_and_escape_are_rejected (test_host_build.BuildDirectoryTests.test_build_root_and_escape_are_rejected) ... ok
test_default_and_clean_directories_are_separate (test_host_build.BuildDirectoryTests.test_default_and_clean_directories_are_separate) ... ok
test_reference_recipe_disables_lto_for_fast_host_validation (test_host_build.BuildDirectoryTests.test_reference_recipe_disables_lto_for_fast_host_validation) ... ok
test_bad_patch_output_does_not_modify_source (test_host_build.DependencyFixTests.test_bad_patch_output_does_not_modify_source) ... ok
test_changed_dependency_is_preserved (test_host_build.DependencyFixTests.test_changed_dependency_is_preserved) ... ok
test_path_outside_dependencies_is_rejected (test_host_build.DependencyFixTests.test_path_outside_dependencies_is_rejected) ... ok
test_verified_patch_is_repeatable (test_host_build.DependencyFixTests.test_verified_patch_is_repeatable) ... ok
test_fifo_request_is_written_as_one_ascii_command (test_mister_launcher.CoreLoadRequestTest.test_fifo_request_is_written_as_one_ascii_command) ... ok
test_loader_starts_frontend_when_the_fifo_has_no_owner (test_mister_launcher.CoreLoadRequestTest.test_loader_starts_frontend_when_the_fifo_has_no_owner) ... ok
test_missing_frontend_is_started_with_the_requested_rbf (test_mister_launcher.CoreLoadRequestTest.test_missing_frontend_is_started_with_the_requested_rbf) ... ok
test_unread_fifo_is_reported_without_blocking (test_mister_launcher.CoreLoadRequestTest.test_unread_fifo_is_reported_without_blocking) ... ok
test_finished_engine_never_signals_another_process_group (test_mister_launcher.EngineOwnershipTest.test_finished_engine_never_signals_another_process_group) ... skipped 'MiSTer process groups require POSIX'
test_requested_duration_remains_distinct_from_core_loss (test_mister_launcher.EngineOwnershipTest.test_requested_duration_remains_distinct_from_core_loss) ... skipped 'MiSTer process groups require POSIX'
test_unlimited_session_stops_own_engine_after_core_replacement (test_mister_launcher.EngineOwnershipTest.test_unlimited_session_stops_own_engine_after_core_replacement) ... skipped 'MiSTer process groups require POSIX'
test_current_reserved_aperture_is_outside_linux_ram (test_mister_launcher.LinuxMemoryAdmissionTest.test_current_reserved_aperture_is_outside_linux_ram) ... ok
test_hidden_missing_or_malformed_ram_cannot_authorize_mapping (test_mister_launcher.LinuxMemoryAdmissionTest.test_hidden_missing_or_malformed_ram_cannot_authorize_mapping) ... ok
test_kernel_allocating_full_ddr_is_rejected (test_mister_launcher.LinuxMemoryAdmissionTest.test_kernel_allocating_full_ddr_is_rejected) ... ok
test_split_ram_and_boundary_overlap_are_rejected (test_mister_launcher.LinuxMemoryAdmissionTest.test_split_ram_and_boundary_overlap_are_rejected) ... ok
test_transport_must_fit_physical_board_memory (test_mister_launcher.LinuxMemoryAdmissionTest.test_transport_must_fit_physical_board_memory) ... ok
test_probe_requires_target_files_and_arm_elf (test_mister_preflight.MisterPreflightTests.test_probe_requires_target_files_and_arm_elf) ... ok
test_receipt_writer_emits_json_and_is_immutable (test_mister_preflight.MisterPreflightTests.test_receipt_writer_emits_json_and_is_immutable) ... ok
test_remote_package_hashes_and_sizes_are_checked (test_mister_preflight.MisterPreflightTests.test_remote_package_hashes_and_sizes_are_checked) ... ok
test_safe_relative_rejects_escape_and_absolute_paths (test_mister_preflight.MisterPreflightTests.test_safe_relative_rejects_escape_and_absolute_paths) ... ok
test_clean_package_supports_launcher_preflight (test_package_release.PackageReleaseTest.test_clean_package_supports_launcher_preflight) ... ok
test_create_and_verify_runtime_only_package (test_package_release.PackageReleaseTest.test_create_and_verify_runtime_only_package) ... ok
test_existing_output_is_never_overwritten (test_package_release.PackageReleaseTest.test_existing_output_is_never_overwritten) ... ok
test_mutation_and_private_file_are_rejected (test_package_release.PackageReleaseTest.test_mutation_and_private_file_are_rejected) ... ok
test_non_candidate_or_private_source_cannot_be_packaged (test_package_release.PackageReleaseTest.test_non_candidate_or_private_source_cannot_be_packaged) ... ok
test_timedemo_requests_bounded_target_frame_pacing (test_package_release.PackageReleaseTest.test_timedemo_requests_bounded_target_frame_pacing) ... ok
test_analyze_reconciles_mixed_outcomes_and_nearest_rank_percentiles (test_presentation_trace.PresentationTraceTests.test_analyze_reconciles_mixed_outcomes_and_nearest_rank_percentiles) ... ok
test_dropped_records_reject_acceptance_but_can_be_inspected (test_presentation_trace.PresentationTraceTests.test_dropped_records_reject_acceptance_but_can_be_inspected) ... ok
test_invalid_timing_and_discontinuous_sequence_are_rejected (test_presentation_trace.PresentationTraceTests.test_invalid_timing_and_discontinuous_sequence_are_rejected) ... ok
test_changed_message_count_hash_or_review (test_quartus_audit.DiagnosticTests.test_changed_message_count_hash_or_review) ... ok
test_errors_and_tabular_criticals_cannot_be_waived (test_quartus_audit.DiagnosticTests.test_errors_and_tabular_criticals_cannot_be_waived) ... ok
test_exact_review (test_quartus_audit.DiagnosticTests.test_exact_review) ... ok
test_timing_cannot_ignore_error_diagnostics (test_quartus_audit.DiagnosticTests.test_timing_cannot_ignore_error_diagnostics) ... ok
test_cli_hashes_inputs_and_remains_report_only (test_quartus_audit.EndpointTests.test_cli_hashes_inputs_and_remains_report_only) ... ok
test_duplicate_json_keys_rejected (test_quartus_audit.EndpointTests.test_duplicate_json_keys_rejected) ... ok
test_exact_names_counts_and_domain_identity (test_quartus_audit.EndpointTests.test_exact_names_counts_and_domain_identity) ... ok
test_fractional_negative_or_unknown_counts (test_quartus_audit.EndpointTests.test_fractional_negative_or_unknown_counts) ... ok
test_hash_of_original_bytes_including_crlf (test_quartus_audit.EndpointTests.test_hash_of_original_bytes_including_crlf) ... ok
test_invalid_export_shapes (test_quartus_audit.EndpointTests.test_invalid_export_shapes) ... ok
test_missing_domain_or_empty_category (test_quartus_audit.EndpointTests.test_missing_domain_or_empty_category) ... ok
test_missing_extra_duplicate_and_wrong_names (test_quartus_audit.EndpointTests.test_missing_extra_duplicate_and_wrong_names) ... ok
test_reviews_cannot_be_wildcards_or_stale_or_duplicated (test_quartus_audit.EndpointTests.test_reviews_cannot_be_wildcards_or_stale_or_duplicated) ... ok
test_stale_report_hash (test_quartus_audit.EndpointTests.test_stale_report_hash) ... ok
test_swapped_domains (test_quartus_audit.EndpointTests.test_swapped_domains) ... ok
test_unknown_summary_category (test_quartus_audit.EndpointTests.test_unknown_summary_category) ... ok
test_zero_summary_rejects_stale_reviews_and_extra_exports (test_quartus_audit.EndpointTests.test_zero_summary_rejects_stale_reviews_and_extra_exports) ... ok
test_capacity_accounting (test_quartus_audit.FitTests.test_capacity_accounting) ... ok
test_over_capacity (test_quartus_audit.FitTests.test_over_capacity) ... ok
test_zero_capacity (test_quartus_audit.FitTests.test_zero_capacity) ... ok
test_empty_entity_contract (test_quartus_audit.InferenceTests.test_empty_entity_contract) ... ok
test_empty_or_incomplete_contract (test_quartus_audit.InferenceTests.test_empty_or_incomplete_contract) ... ok
test_entity_counts_not_summed_across_hierarchy (test_quartus_audit.InferenceTests.test_entity_counts_not_summed_across_hierarchy) ... ok
test_inferred_shape_matches (test_quartus_audit.InferenceTests.test_inferred_shape_matches) ... ok
test_malformed_comma_count (test_quartus_audit.InferenceTests.test_malformed_comma_count) ... ok
test_missing_entity_and_register_explosion (test_quartus_audit.InferenceTests.test_missing_entity_and_register_explosion) ... ok
test_missing_memory_rejects_silent_register_implementation (test_quartus_audit.InferenceTests.test_missing_memory_rejects_silent_register_implementation) ... ok
test_stale_allowlist (test_quartus_audit.InferenceTests.test_stale_allowlist) ... ok
test_unreviewed_ram_diagnostic (test_quartus_audit.InferenceTests.test_unreviewed_ram_diagnostic) ... ok
test_wrong_device (test_quartus_audit.InferenceTests.test_wrong_device) ... ok
test_wrong_port_shape_same_size (test_quartus_audit.InferenceTests.test_wrong_port_shape_same_size) ... ok
test_wrong_size (test_quartus_audit.InferenceTests.test_wrong_size) ... ok
test_all_checks_and_corners (test_quartus_audit.TimingTests.test_all_checks_and_corners) ... ok
test_duplicate_table (test_quartus_audit.TimingTests.test_duplicate_table) ... ok
test_missing_active_clock (test_quartus_audit.TimingTests.test_missing_active_clock) ... ok
test_missing_corner (test_quartus_audit.TimingTests.test_missing_corner) ... ok
test_missing_hold (test_quartus_audit.TimingTests.test_missing_hold) ... ok
test_nan_does_not_pass_comparison (test_quartus_audit.TimingTests.test_nan_does_not_pass_comparison) ... ok
test_negative_slack_in_later_corner (test_quartus_audit.TimingTests.test_negative_slack_in_later_corner) ... ok
test_nonzero_tns_even_with_positive_slack (test_quartus_audit.TimingTests.test_nonzero_tns_even_with_positive_slack) ... ok
test_repeated_detail_headings_do_not_hide_unique_summary (test_quartus_audit.TimingTests.test_repeated_detail_headings_do_not_hide_unique_summary) ... ok
test_unconstrained_nonzero_requires_actual_names (test_quartus_audit.TimingTests.test_unconstrained_nonzero_requires_actual_names) ... ok
test_accepts_normal_manifest (test_replay_arm.ReplayArmPreflightTest.test_accepts_normal_manifest) ... ok
test_rejects_absolute_manifest_path (test_replay_arm.ReplayArmPreflightTest.test_rejects_absolute_manifest_path) ... ok
test_rejects_manifest_parent_traversal (test_replay_arm.ReplayArmPreflightTest.test_rejects_manifest_parent_traversal) ... ok
test_rejects_missing_package_assets_before_qemu (test_replay_arm.ReplayArmPreflightTest.test_rejects_missing_package_assets_before_qemu) ... ok
test_rejects_symlink_escape (test_replay_arm.ReplayArmPreflightTest.test_rejects_symlink_escape) ... skipped "symlink fixture unavailable: [WinError 1314] A required privilege is not held by the client: 'D:\\\\vibes\\\\fpga\\\\temp\\\\.ctx-mode-c2vQ6O\\\\tmp4fvlk_13\\\\outside.bin' -> 'D:\\\\vibes\\\\fpga\\\\temp\\\\.ctx-mode-c2vQ6O\\\\tmp4fvlk_13\\\\assets\\\\ui_art\\\\linked.bin'"
test_build_dir_requires_explicit_selection (test_scenario_arm.ScenarioArmSelectionTests.test_build_dir_requires_explicit_selection) ... ok
test_build_directory_must_select_receipt_artifact_path (test_scenario_arm.ScenarioArmSelectionTests.test_build_directory_must_select_receipt_artifact_path) ... ok
test_build_receipt_rejects_failed_or_modified_typed_record (test_scenario_arm.ScenarioArmSelectionTests.test_build_receipt_rejects_failed_or_modified_typed_record) ... ok
test_build_receipt_rejects_user_claimed_role_and_hash (test_scenario_arm.ScenarioArmSelectionTests.test_build_receipt_rejects_user_claimed_role_and_hash) ... ok
test_build_role_is_derived_from_recipe_and_transport_stops_before_run (test_scenario_arm.ScenarioArmSelectionTests.test_build_role_is_derived_from_recipe_and_transport_stops_before_run) ... ok
test_cli_rejects_other_build_directory_before_binary_or_qemu (test_scenario_arm.ScenarioArmSelectionTests.test_cli_rejects_other_build_directory_before_binary_or_qemu) ... ok
test_cli_transport_crosscheck_stops_before_binary_or_qemu (test_scenario_arm.ScenarioArmSelectionTests.test_cli_transport_crosscheck_stops_before_binary_or_qemu) ... ok
test_dungeon_replay_dispatches_transition_after_preparation_tick (test_scenario_arm.ScenarioArmSelectionTests.test_dungeon_replay_dispatches_transition_after_preparation_tick) ... ok
test_real_reference_provenance_adapter_is_accepted (test_scenario_arm.ScenarioArmSelectionTests.test_real_reference_provenance_adapter_is_accepted) ... skipped 'retained ARM reference evidence is not materialized in this checkout'
test_selected_binary_records_exact_hash (test_scenario_arm.ScenarioArmSelectionTests.test_selected_binary_records_exact_hash) ... ok
test_selected_binary_rejects_missing_executable (test_scenario_arm.ScenarioArmSelectionTests.test_selected_binary_rejects_missing_executable) ... ok
test_selected_binary_rejects_wrong_hash (test_scenario_arm.ScenarioArmSelectionTests.test_selected_binary_rejects_wrong_hash) ... ok
test_transport_role_reports_replay_gap (test_scenario_arm.ScenarioArmSelectionTests.test_transport_role_reports_replay_gap) ... ok
test_dungeon_label_cannot_admit_town_loading_or_mismatched_frame_state (test_scene_oracle.SceneOracleTests.test_dungeon_label_cannot_admit_town_loading_or_mismatched_frame_state) ... ok
test_dungeon_scenario_rejects_missing_capture_boundary (test_scene_oracle.SceneOracleTests.test_dungeon_scenario_rejects_missing_capture_boundary) ... ok
test_dungeon_scenario_requires_typed_capture_boundary (test_scene_oracle.SceneOracleTests.test_dungeon_scenario_requires_typed_capture_boundary) ... ok
test_exact_metadata_and_capture_pass (test_scene_oracle.SceneOracleTests.test_exact_metadata_and_capture_pass) ... ok
test_metadata_mismatch_fails (test_scene_oracle.SceneOracleTests.test_metadata_mismatch_fails) ... ok
test_receipt_is_immutable (test_scene_oracle.SceneOracleTests.test_receipt_is_immutable) ... ok
test_role_aware_qualification_rejects_transport_binary_role (test_scene_oracle.SceneOracleTests.test_role_aware_qualification_rejects_transport_binary_role) ... ok
test_show_controls_is_a_single_gamepad_only_osd_page (test_show_controls_osd.ShowControlsOsdTest.test_show_controls_is_a_single_gamepad_only_osd_page) ... ok
test_board_fallback_explains_configuration_path (test_verification.VerificationReceiptTests.test_board_fallback_explains_configuration_path) ... ok
test_failed_command_preserves_bounded_log (test_verification.VerificationReceiptTests.test_failed_command_preserves_bounded_log) ... ok
test_mutating_step_invalidates_isolated_source_snapshot (test_verification.VerificationReceiptTests.test_mutating_step_invalidates_isolated_source_snapshot) ... ok
test_receipt_publication_is_immutable (test_verification.VerificationReceiptTests.test_receipt_publication_is_immutable) ... ok
test_run_materializes_only_allowed_input_and_keeps_other_missing_inputs_strict (test_verification.VerificationReceiptTests.test_run_materializes_only_allowed_input_and_keeps_other_missing_inputs_strict) ... ok
test_source_only_generated_input_is_deterministic_and_cleaned (test_verification.VerificationReceiptTests.test_source_only_generated_input_is_deterministic_and_cleaned) ... ok
test_release_matrix_names_each_connector_row (test_video_source_policy.VideoSourceContractTests.test_release_matrix_names_each_connector_row) ... ok
test_scandoubler_sync_disposition_is_not_a_silent_todo (test_video_source_policy.VideoSourceContractTests.test_scandoubler_sync_disposition_is_not_a_silent_todo) ... ok
test_top_level_policy_is_explicit_and_frame_gated (test_video_source_policy.VideoSourceContractTests.test_top_level_policy_is_explicit_and_frame_gated) ... ok

----------------------------------------------------------------------
Ran 193 tests in 38.526s

OK (skipped=6)
