$ ["D:\\vibes\\fpga\\toolchains\\msys64\\ucrt64\\bin\\python.exe", "-m", "unittest", "discover", "-s", "D:\\Arcade\\AI\\aCORES\\Diablo\\support\\tests", "-p", "test_*.py", "-v"]

test_manifest_publication_refuses_to_replace_a_record (test_candidate_manifest.CandidateManifestTests.test_manifest_publication_refuses_to_replace_a_record) ... ok
test_source_and_artifact_changes_invalidate_identity (test_candidate_manifest.CandidateManifestTests.test_source_and_artifact_changes_invalidate_identity) ... ok
test_verification_rejects_mutated_artifact (test_candidate_manifest.CandidateManifestTests.test_verification_rejects_mutated_artifact) ... ok
test_changed_source_identity_invalidates_evidence (test_closure_gates.ClosureGateTest.test_changed_source_identity_invalidates_evidence) ... ok
test_complete_synthetic_fixture_is_eligible (test_closure_gates.ClosureGateTest.test_complete_synthetic_fixture_is_eligible) ... ok
test_matrix_covers_plan_and_declares_targets (test_closure_gates.ClosureGateTest.test_matrix_covers_plan_and_declares_targets) ... ok
test_open_item_cannot_be_promoted (test_closure_gates.ClosureGateTest.test_open_item_cannot_be_promoted) ... ok
test_tampered_receipt_is_rejected (test_closure_gates.ClosureGateTest.test_tampered_receipt_is_rejected) ... ok
test_exclusive_transport_lease_blocks_second_launch_before_loader (test_diablo_launch.DiabloLaunchTest.test_exclusive_transport_lease_blocks_second_launch_before_loader) ... ok
test_loader_failure_does_not_start_runtime_or_leave_admission (test_diablo_launch.DiabloLaunchTest.test_loader_failure_does_not_start_runtime_or_leave_admission) ... ok
test_main_requires_loader_and_runtime_together (test_diablo_launch.DiabloLaunchTest.test_main_requires_loader_and_runtime_together) ... ok
test_preflight_requires_matching_candidate_and_writable_paths (test_diablo_launch.DiabloLaunchTest.test_preflight_requires_matching_candidate_and_writable_paths) ... ok
test_supervision_waits_for_ready_and_cleans_admission (test_diablo_launch.DiabloLaunchTest.test_supervision_waits_for_ready_and_cleans_admission) ... ok
test_transport_lease_rejects_redirected_lock_path (test_diablo_launch.DiabloLaunchTest.test_transport_lease_rejects_redirected_lock_path) ... skipped "symlink creation unavailable: [WinError 1314] A required privilege is not held by the client: 'D:\\\\vibes\\\\fpga\\\\temp\\\\tmpnvort6q1\\\\outside-lock' -> 'D:\\\\vibes\\\\fpga\\\\temp\\\\tmpnvort6q1\\\\runtime\\\\locks\\\\transport.lock'"
test_inventory_does_not_require_or_execute_legacy_runner (test_foundation.DoctorTests.test_inventory_does_not_require_or_execute_legacy_runner) ... ok
test_missing_compiler_still_reported (test_foundation.DoctorTests.test_missing_compiler_still_reported) ... ok
test_lock_has_only_immutable_source_commits (test_foundation.MpqBoundsTests.test_lock_has_only_immutable_source_commits) ... ok
test_rejects_declared_size_larger_than_file (test_foundation.MpqBoundsTests.test_rejects_declared_size_larger_than_file) ... ok
test_rejects_missing_signature (test_foundation.MpqBoundsTests.test_rejects_missing_signature) ... ok
test_rejects_table_outside_archive (test_foundation.MpqBoundsTests.test_rejects_table_outside_archive) ... ok
test_rejects_unknown_version_instead_of_assuming_v0 (test_foundation.MpqBoundsTests.test_rejects_unknown_version_instead_of_assuming_v0) ... ok
test_valid_minimal_table_extents (test_foundation.MpqBoundsTests.test_valid_minimal_table_extents) ... ok
test_identity_change_is_rejected_without_replacing_manifest (test_foundation.PrivateDataTests.test_identity_change_is_rejected_without_replacing_manifest) ... ok
test_accepts_clean_exact_identity (test_foundation.SourceAdmissionTests.test_accepts_clean_exact_identity) ... ok
test_rejects_modified_tracked_file (test_foundation.SourceAdmissionTests.test_rejects_modified_tracked_file) ... ok
test_rejects_untracked_file (test_foundation.SourceAdmissionTests.test_rejects_untracked_file) ... ok
test_rejects_wrong_commit (test_foundation.SourceAdmissionTests.test_rejects_wrong_commit) ... ok
test_rejects_wrong_origin (test_foundation.SourceAdmissionTests.test_rejects_wrong_origin) ... ok
test_empty_series_are_not_equality_evidence (test_frame_comparison.FrameComparisonTests.test_empty_series_are_not_equality_evidence) ... ok
test_equal_complete_series (test_frame_comparison.FrameComparisonTests.test_equal_complete_series) ... ok
test_missing_frame_is_rejected (test_frame_comparison.FrameComparisonTests.test_missing_frame_is_rejected) ... ok
test_partial_capture_is_rejected (test_frame_comparison.FrameComparisonTests.test_partial_capture_is_rejected) ... ok
test_unused_palette_entry_is_compared (test_frame_comparison.FrameComparisonTests.test_unused_palette_entry_is_compared) ... ok
test_wrong_time_and_truncation_are_rejected (test_frame_comparison.FrameComparisonTests.test_wrong_time_and_truncation_are_rejected) ... ok
test_broken_link_and_prose_command_fail (test_guide_status.GuideStatusTest.test_broken_link_and_prose_command_fail) ... ok
test_consistent_guides_pass (test_guide_status.GuideStatusTest.test_consistent_guides_pass) ... ok
test_stale_plan_digest_fails (test_guide_status.GuideStatusTest.test_stale_plan_digest_fails) ... ok
test_build_root_and_escape_are_rejected (test_host_build.BuildDirectoryTests.test_build_root_and_escape_are_rejected) ... ok
test_default_and_clean_directories_are_separate (test_host_build.BuildDirectoryTests.test_default_and_clean_directories_are_separate) ... ok
test_bad_patch_output_does_not_modify_source (test_host_build.DependencyFixTests.test_bad_patch_output_does_not_modify_source) ... ok
test_changed_dependency_is_preserved (test_host_build.DependencyFixTests.test_changed_dependency_is_preserved) ... ok
test_path_outside_dependencies_is_rejected (test_host_build.DependencyFixTests.test_path_outside_dependencies_is_rejected) ... ok
test_verified_patch_is_repeatable (test_host_build.DependencyFixTests.test_verified_patch_is_repeatable) ... ok
test_analyze_reconciles_mixed_outcomes_and_nearest_rank_percentiles (test_presentation_trace.PresentationTraceTests.test_analyze_reconciles_mixed_outcomes_and_nearest_rank_percentiles) ... ok
test_dropped_records_reject_acceptance_but_can_be_inspected (test_presentation_trace.PresentationTraceTests.test_dropped_records_reject_acceptance_but_can_be_inspected) ... ok
test_invalid_timing_and_discontinuous_sequence_are_rejected (test_presentation_trace.PresentationTraceTests.test_invalid_timing_and_discontinuous_sequence_are_rejected) ... ok
test_changed_message_count_hash_or_review (test_quartus_audit.DiagnosticTests.test_changed_message_count_hash_or_review) ... ok
test_errors_and_tabular_criticals_cannot_be_waived (test_quartus_audit.DiagnosticTests.test_errors_and_tabular_criticals_cannot_be_waived) ... ok
test_exact_review (test_quartus_audit.DiagnosticTests.test_exact_review) ... ok
test_timing_cannot_ignore_error_diagnostics (test_quartus_audit.DiagnosticTests.test_timing_cannot_ignore_error_diagnostics) ... ok
test_cli_hashes_inputs_and_remains_report_only (test_quartus_audit.EndpointTests.test_cli_hashes_inputs_and_remains_report_only) ... ok
test_duplicate_json_keys_rejected (test_quartus_audit.EndpointTests.test_duplicate_json_keys_rejected) ... ok
test_exact_names_counts_and_domain_identity (test_quartus_audit.EndpointTests.test_exact_names_counts_and_domain_identity) ... ok
test_fractional_negative_or_unknown_counts (test_quartus_audit.EndpointTests.test_fractional_negative_or_unknown_counts) ... ok
test_hash_of_original_bytes_including_crlf (test_quartus_audit.EndpointTests.test_hash_of_original_bytes_including_crlf) ... ok
test_invalid_export_shapes (test_quartus_audit.EndpointTests.test_invalid_export_shapes) ... ok
test_missing_domain_or_empty_category (test_quartus_audit.EndpointTests.test_missing_domain_or_empty_category) ... ok
test_missing_extra_duplicate_and_wrong_names (test_quartus_audit.EndpointTests.test_missing_extra_duplicate_and_wrong_names) ... ok
test_reviews_cannot_be_wildcards_or_stale_or_duplicated (test_quartus_audit.EndpointTests.test_reviews_cannot_be_wildcards_or_stale_or_duplicated) ... ok
test_stale_report_hash (test_quartus_audit.EndpointTests.test_stale_report_hash) ... ok
test_swapped_domains (test_quartus_audit.EndpointTests.test_swapped_domains) ... ok
test_unknown_summary_category (test_quartus_audit.EndpointTests.test_unknown_summary_category) ... ok
test_zero_summary_rejects_stale_reviews_and_extra_exports (test_quartus_audit.EndpointTests.test_zero_summary_rejects_stale_reviews_and_extra_exports) ... ok
test_capacity_accounting (test_quartus_audit.FitTests.test_capacity_accounting) ... ok
test_over_capacity (test_quartus_audit.FitTests.test_over_capacity) ... ok
test_zero_capacity (test_quartus_audit.FitTests.test_zero_capacity) ... ok
test_empty_entity_contract (test_quartus_audit.InferenceTests.test_empty_entity_contract) ... ok
test_empty_or_incomplete_contract (test_quartus_audit.InferenceTests.test_empty_or_incomplete_contract) ... ok
test_entity_counts_not_summed_across_hierarchy (test_quartus_audit.InferenceTests.test_entity_counts_not_summed_across_hierarchy) ... ok
test_inferred_shape_matches (test_quartus_audit.InferenceTests.test_inferred_shape_matches) ... ok
test_malformed_comma_count (test_quartus_audit.InferenceTests.test_malformed_comma_count) ... ok
test_missing_entity_and_register_explosion (test_quartus_audit.InferenceTests.test_missing_entity_and_register_explosion) ... ok
test_missing_memory_rejects_silent_register_implementation (test_quartus_audit.InferenceTests.test_missing_memory_rejects_silent_register_implementation) ... ok
test_stale_allowlist (test_quartus_audit.InferenceTests.test_stale_allowlist) ... ok
test_unreviewed_ram_diagnostic (test_quartus_audit.InferenceTests.test_unreviewed_ram_diagnostic) ... ok
test_wrong_device (test_quartus_audit.InferenceTests.test_wrong_device) ... ok
test_wrong_port_shape_same_size (test_quartus_audit.InferenceTests.test_wrong_port_shape_same_size) ... ok
test_wrong_size (test_quartus_audit.InferenceTests.test_wrong_size) ... ok
test_all_checks_and_corners (test_quartus_audit.TimingTests.test_all_checks_and_corners) ... ok
test_duplicate_table (test_quartus_audit.TimingTests.test_duplicate_table) ... ok
test_missing_active_clock (test_quartus_audit.TimingTests.test_missing_active_clock) ... ok
test_missing_corner (test_quartus_audit.TimingTests.test_missing_corner) ... ok
test_missing_hold (test_quartus_audit.TimingTests.test_missing_hold) ... ok
test_nan_does_not_pass_comparison (test_quartus_audit.TimingTests.test_nan_does_not_pass_comparison) ... ok
test_negative_slack_in_later_corner (test_quartus_audit.TimingTests.test_negative_slack_in_later_corner) ... ok
test_nonzero_tns_even_with_positive_slack (test_quartus_audit.TimingTests.test_nonzero_tns_even_with_positive_slack) ... ok
test_repeated_detail_headings_do_not_hide_unique_summary (test_quartus_audit.TimingTests.test_repeated_detail_headings_do_not_hide_unique_summary) ... ok
test_unconstrained_nonzero_requires_actual_names (test_quartus_audit.TimingTests.test_unconstrained_nonzero_requires_actual_names) ... ok
test_failed_command_preserves_bounded_log (test_verification.VerificationReceiptTests.test_failed_command_preserves_bounded_log) ... ok
test_receipt_publication_is_immutable (test_verification.VerificationReceiptTests.test_receipt_publication_is_immutable) ... ok

----------------------------------------------------------------------
Ran 90 tests in 16.253s

OK (skipped=1)
{"error": "loader and runtime commands must be supplied together", "schema": "diablo-launch-contract-v1", "status": "fail"}
