candidate=56860713d38990ae28f1846e5f22850ed68b9ee228f6178c11e53fcb0f2d8a9b
source=13b93de9eb32d9fc72701886c164853622bc744c18cddec1b660f127ffc70c7d
manifest=.mister/evidence/candidates/fpga-candidate-20260908-40-integrated-tb.json
package=.work/package-board-candidate-40
target_package=\\192.168.0.69\sdcard\_CodexDiabloCandidate40
runtime=/media/fat/tmp_esc/diablo-candidate40-60d
launcher=pass on 5-second clean smoke; 60-second attempt not accepted
fpga_observed=operating during launch
exact_requested_rbf=/media/fat/_CodexDiabloCandidate40/Diablo.rbf
pcm_sample=queued=0 local_queue=8700 producer=933998 consumer=933998 underrun=6777 resync=0 callbacks=419 drops=0
pcm_sample=queued=0 local_queue=6329 producer=2012890 consumer=2012890 underrun=13502 resync=0 callbacks=903 drops=0
pcm_sample=queued=14374 local_queue=16384 producer=2206822 consumer=2192448 underrun=0 resync=0 callbacks=990 drops=4 dropped_frames=8917
pcm_active_underrun_delta=6725 before target reset/contended state
pcm_drops=4
physical_video=not_accepted
campaign=not_run
physical_input=not_run
performance=not_run
target_contention=concurrent NFS_SE install/rollback process changed MiSTer ownership; clean single-core board qualification invalid
status=blocked
