$ ["D:\\vibes\\fpga\\toolchains\\msys64\\ucrt64\\bin\\python.exe", "D:\\Arcade\\AI\\aCORES\\Diablo\\.work\\build\\verification\\diablo-verify-248e42f0-2802-4ca0-9f40-86ab9c6a59e2-1c2ualdv\\support\\scripts\\test_mister_transport_input.py", "--sdl-build-include", "D:\\Arcade\\AI\\aCORES\\Diablo\\.work\\build\\reference-host\\_deps\\sdl2-build\\include\\SDL2", "--sdl-source-include", "D:\\Arcade\\AI\\aCORES\\Diablo\\.work\\build\\reference-host\\_deps\\sdl2-src\\include", "--sdl-library", "D:\\Arcade\\AI\\aCORES\\Diablo\\.work\\build\\reference-host\\_deps\\sdl2-build\\libSDL2.a"]

D:\Arcade\AI\aCORES\Diablo\.work\build\reference-host\_deps\sdl2-src\src\events\SDL_mouse.c: In function 'SDL_UpdateMouseFocus.isra':
D:\Arcade\AI\aCORES\Diablo\.work\build\reference-host\_deps\sdl2-src\src\events\SDL_mouse.c:383:28: warning: 'w' may be used uninitialized [-Wmaybe-uninitialized]
  383 |         if (x < 0 || y < 0 || x >= w || y >= h) {
      |                            ^
D:\Arcade\AI\aCORES\Diablo\.work\build\reference-host\_deps\sdl2-src\src\events\SDL_mouse.c:381:13: note: 'w' was declared here
  381 |         int w, h;
      |             ^
D:\Arcade\AI\aCORES\Diablo\.work\build\reference-host\_deps\sdl2-src\src\events\SDL_mouse.c:383:38: warning: 'h' may be used uninitialized [-Wmaybe-uninitialized]
  383 |         if (x < 0 || y < 0 || x >= w || y >= h) {
      |                                      ^
D:\Arcade\AI\aCORES\Diablo\.work\build\reference-host\_deps\sdl2-src\src\events\SDL_mouse.c:381:16: note: 'h' was declared here
  381 |         int w, h;
      |                ^
D:\Arcade\AI\aCORES\Diablo\.work\build\reference-host\_deps\sdl2-src\src\render\SDL_render.c: In function 'SDL_CreateRenderer_REAL':
D:\Arcade\AI\aCORES\Diablo\.work\build\reference-host\_deps\sdl2-src\src\render\SDL_render.c:1099:23: warning: 'window_h' may be used uninitialized [-Wmaybe-uninitialized]
 1099 |         int window_w, window_h;
      |                       ^
D:\Arcade\AI\aCORES\Diablo\.work\build\reference-host\_deps\sdl2-src\src\render\SDL_render.c:1099:13: warning: 'window_w' may be used uninitialized [-Wmaybe-uninitialized]
 1099 |         int window_w, window_h;
      |             ^
Diablo MiSTer transport SDL input event filtered
Diablo MiSTer transport SDL input event filtered
Diablo MiSTer profile trace open failed: transport-profile-trace-test.jsonl
transport input reconciliation checks passed
transport SDL input regression passed
