VERBOSE: Paths:
    base: /media/fat/_CodexDiabloGameData/
    pref: /media/fat/tmp_esc/diablo-candidate-pcm-build-v2-trace/saves/
  config: /media/fat/tmp_esc/diablo-candidate-pcm-build-v2-trace/config/
  assets: /media/fat/.diablo-releases/47eba876be5699e2482c79661e103e1b6401d6edeebb13efc3b316b51fade27d/assets/
VERBOSE: MPQ search paths:
     1. '/media/fat/_CodexDiabloGameData/'
     2. '/media/fat/tmp_esc/diablo-candidate-pcm-build-v2-trace/saves/'
     3. '/media/fat/tmp_esc/diablo-candidate-pcm-build-v2-trace/config/'
     4. '/usr/local/share/diasurgical/devilutionx/'
     5. '/usr/share/diasurgical/devilutionx/'
     6. ''
VERBOSE: Missing: devilutionx
VERBOSE: Missing: fonts
VERBOSE:   Found: hellfire in /media/fat/_CodexDiabloGameData/
VERBOSE: Paths:
    base: /media/fat/_CodexDiabloGameData/
    pref: /media/fat/tmp_esc/diablo-candidate-pcm-build-v2-trace/saves/
  config: /media/fat/tmp_esc/diablo-candidate-pcm-build-v2-trace/config/
  assets: /media/fat/.diablo-releases/47eba876be5699e2482c79661e103e1b6401d6edeebb13efc3b316b51fade27d/assets/
VERBOSE: MPQ search paths:
     1. '/media/fat/_CodexDiabloGameData/'
     2. '/media/fat/tmp_esc/diablo-candidate-pcm-build-v2-trace/saves/'
     3. '/media/fat/tmp_esc/diablo-candidate-pcm-build-v2-trace/config/'
     4. '/usr/local/share/diasurgical/devilutionx/'
     5. '/usr/share/diasurgical/devilutionx/'
     6. ''
VERBOSE: Paths:
    base: /media/fat/_CodexDiabloGameData/
    pref: /media/fat/tmp_esc/diablo-candidate-pcm-build-v2-trace/saves/
  config: /media/fat/tmp_esc/diablo-candidate-pcm-build-v2-trace/config/
  assets: /media/fat/.diablo-releases/47eba876be5699e2482c79661e103e1b6401d6edeebb13efc3b316b51fade27d/assets/
VERBOSE: MPQ search paths:
     1. '/media/fat/_CodexDiabloGameData/'
     2. '/media/fat/tmp_esc/diablo-candidate-pcm-build-v2-trace/saves/'
     3. '/media/fat/tmp_esc/diablo-candidate-pcm-build-v2-trace/config/'
     4. '/usr/local/share/diasurgical/devilutionx/'
     5. '/usr/share/diasurgical/devilutionx/'
     6. ''
VERBOSE: Paths:
    base: /media/fat/_CodexDiabloGameData/
    pref: /media/fat/tmp_esc/diablo-candidate-pcm-build-v2-trace/saves/
  config: /media/fat/tmp_esc/diablo-candidate-pcm-build-v2-trace/config/
  assets: /media/fat/.diablo-releases/47eba876be5699e2482c79661e103e1b6401d6edeebb13efc3b316b51fade27d/assets/
VERBOSE: MPQ search paths:
     1. '/media/fat/_CodexDiabloGameData/'
     2. '/media/fat/tmp_esc/diablo-candidate-pcm-build-v2-trace/saves/'
     3. '/media/fat/tmp_esc/diablo-candidate-pcm-build-v2-trace/config/'
     4. '/usr/local/share/diasurgical/devilutionx/'
     5. '/usr/share/diasurgical/devilutionx/'
     6. ''
VERBOSE: Paths:
    base: /media/fat/_CodexDiabloGameData/
    pref: /media/fat/tmp_esc/diablo-candidate-pcm-build-v2-trace/saves/
  config: /media/fat/tmp_esc/diablo-candidate-pcm-build-v2-trace/config/
  assets: /media/fat/.diablo-releases/47eba876be5699e2482c79661e103e1b6401d6edeebb13efc3b316b51fade27d/assets/
VERBOSE: MPQ search paths:
     1. '/media/fat/_CodexDiabloGameData/'
     2. '/media/fat/tmp_esc/diablo-candidate-pcm-build-v2-trace/saves/'
     3. '/media/fat/tmp_esc/diablo-candidate-pcm-build-v2-trace/config/'
     4. '/usr/local/share/diasurgical/devilutionx/'
     5. '/usr/share/diasurgical/devilutionx/'
     6. ''
VERBOSE: Paths:
    base: /media/fat/_CodexDiabloGameData/
    pref: /media/fat/tmp_esc/diablo-candidate-pcm-build-v2-trace/saves/
  config: /media/fat/tmp_esc/diablo-candidate-pcm-build-v2-trace/config/
  assets: /media/fat/.diablo-releases/47eba876be5699e2482c79661e103e1b6401d6edeebb13efc3b316b51fade27d/assets/
VERBOSE: MPQ search paths:
     1. '/media/fat/_CodexDiabloGameData/'
     2. '/media/fat/tmp_esc/diablo-candidate-pcm-build-v2-trace/saves/'
     3. '/media/fat/tmp_esc/diablo-candidate-pcm-build-v2-trace/config/'
     4. '/usr/local/share/diasurgical/devilutionx/'
     5. '/usr/share/diasurgical/devilutionx/'
     6. ''
VERBOSE: Found user preferred locales: C
VERBOSE: Trying to load translation: C
VERBOSE: No suitable translation found
DEBUG: Unknown pixel format
INFO: Created renderer: software
VERBOSE: Removed file: /media/fat/tmp_esc/diablo-candidate-pcm-build-v2-trace/saves/Diablo1ReadOnlyTest.foo
VERBOSE: Paths:
    base: /media/fat/_CodexDiabloGameData/
    pref: /media/fat/tmp_esc/diablo-candidate-pcm-build-v2-trace/saves/
  config: /media/fat/tmp_esc/diablo-candidate-pcm-build-v2-trace/config/
  assets: /media/fat/.diablo-releases/47eba876be5699e2482c79661e103e1b6401d6edeebb13efc3b316b51fade27d/assets/
VERBOSE: MPQ search paths:
     1. '/media/fat/_CodexDiabloGameData/'
     2. '/media/fat/tmp_esc/diablo-candidate-pcm-build-v2-trace/saves/'
     3. '/media/fat/tmp_esc/diablo-candidate-pcm-build-v2-trace/config/'
     4. '/usr/local/share/diasurgical/devilutionx/'
     5. '/usr/share/diasurgical/devilutionx/'
     6. ''
VERBOSE: Paths:
    base: /media/fat/_CodexDiabloGameData/
    pref: /media/fat/tmp_esc/diablo-candidate-pcm-build-v2-trace/saves/
  config: /media/fat/tmp_esc/diablo-candidate-pcm-build-v2-trace/config/
  assets: /media/fat/.diablo-releases/47eba876be5699e2482c79661e103e1b6401d6edeebb13efc3b316b51fade27d/assets/
VERBOSE: MPQ search paths:
     1. '/media/fat/_CodexDiabloGameData/'
     2. '/media/fat/tmp_esc/diablo-candidate-pcm-build-v2-trace/saves/'
     3. '/media/fat/tmp_esc/diablo-candidate-pcm-build-v2-trace/config/'
     4. '/usr/local/share/diasurgical/devilutionx/'
     5. '/usr/share/diasurgical/devilutionx/'
     6. ''
VERBOSE: fopen("/media/fat/tmp_esc/diablo-candidate-pcm-build-v2-trace/config/diablo.ini", "wb")
VERBOSE: fwrite(data, 3922)
VERBOSE: Paths:
    base: /media/fat/_CodexDiabloGameData/
    pref: /media/fat/tmp_esc/diablo-candidate-pcm-build-v2-trace/saves/
  config: /media/fat/tmp_esc/diablo-candidate-pcm-build-v2-trace/config/
  assets: /media/fat/.diablo-releases/47eba876be5699e2482c79661e103e1b6401d6edeebb13efc3b316b51fade27d/assets/
VERBOSE: MPQ search paths:
     1. '/media/fat/_CodexDiabloGameData/'
     2. '/media/fat/tmp_esc/diablo-candidate-pcm-build-v2-trace/saves/'
     3. '/media/fat/tmp_esc/diablo-candidate-pcm-build-v2-trace/config/'
     4. '/usr/local/share/diasurgical/devilutionx/'
     5. '/usr/share/diasurgical/devilutionx/'
     6. ''
VERBOSE:   Found: DIABDAT in /media/fat/_CodexDiabloGameData/
VERBOSE: Missing: hfbard
VERBOSE: Missing: hfbarb
VERBOSE: Paths:
    base: /media/fat/_CodexDiabloGameData/
    pref: /media/fat/tmp_esc/diablo-candidate-pcm-build-v2-trace/saves/
  config: /media/fat/tmp_esc/diablo-candidate-pcm-build-v2-trace/config/
  assets: /media/fat/.diablo-releases/47eba876be5699e2482c79661e103e1b6401d6edeebb13efc3b316b51fade27d/assets/
VERBOSE: MPQ search paths:
     1. '/media/fat/_CodexDiabloGameData/'
     2. '/media/fat/tmp_esc/diablo-candidate-pcm-build-v2-trace/saves/'
     3. '/media/fat/tmp_esc/diablo-candidate-pcm-build-v2-trace/config/'
     4. '/usr/local/share/diasurgical/devilutionx/'
     5. '/usr/share/diasurgical/devilutionx/'
     6. ''
VERBOSE: Paths:
    base: /media/fat/_CodexDiabloGameData/
    pref: /media/fat/tmp_esc/diablo-candidate-pcm-build-v2-trace/saves/
  config: /media/fat/tmp_esc/diablo-candidate-pcm-build-v2-trace/config/
  assets: /media/fat/.diablo-releases/47eba876be5699e2482c79661e103e1b6401d6edeebb13efc3b316b51fade27d/assets/
VERBOSE: MPQ search paths:
     1. '/media/fat/_CodexDiabloGameData/'
     2. '/media/fat/tmp_esc/diablo-candidate-pcm-build-v2-trace/saves/'
     3. '/media/fat/tmp_esc/diablo-candidate-pcm-build-v2-trace/config/'
     4. '/usr/local/share/diasurgical/devilutionx/'
     5. '/usr/share/diasurgical/devilutionx/'
     6. ''
DEBUG: That operation is not supported
VERBOSE: Aulib sampleRate=22050 channels=2 frameSize=1024 format=0x8010
VERBOSE: fopen("/media/fat/tmp_esc/diablo-candidate-pcm-build-v2-trace/config/diablo.ini", "wb")
VERBOSE: fwrite(data, 4222)
VERBOSE: Control: device None -> KeyboardAndMouse, mode None -> KeyboardAndMouse
VERBOSE: SVid audio depth=16 channels=1 rate=22050
DL pacing
Diablo MiSTer transport frame backpressure; using SDL pacing
Diablo MiSTer transport frame backpressure; using SDL pacing
Diablo MiSTer transport frame backpressure; using SDL pacing
Diablo MiSTer transport frame backpressure; using SDL pacing
Diablo MiSTer profile: presents=2107 published=1850 backpressure=341 timing_invalid=0 average_present_us=6820 max_present_us=533072 publish_attempts=2448 average_publish_us=5258 max_publish_us=21271 flushes=2107 average_flush_us=1 max_flush_us=35 command_attempts=0 command_batches=0 command_no_slot=0 command_overflow=0 command_publish_failures=0 command_fence_failures=0 command_frame_failures=0
Diablo MiSTer profile outcomes: runtime_unavailable=0 recovery_deferred=0 recovery_failed=0 invalid_surface=0 command_published=0 command_rejected=0 frame_published=1850 publish_failed=0 backpressure_dropped=257
Diablo MiSTer command profile: build_count=0 average_build_us=0 max_build_us=0 wait_count=0 average_wait_us=0 max_wait_us=0
Diablo MiSTer profile trace write failed: false
