VERBOSE: Paths:
    base: /media/fat/_CodexDiabloGameData/
    pref: /media/fat/tmp_esc/diablo-candidate-v2-profile-reset/saves/
  config: /media/fat/tmp_esc/diablo-candidate-v2-profile-reset/config/
  assets: /media/fat/.diablo-releases/41acf056f52c02019c8fd67b50af7ac2db26a4abb60c924c09b3fcb7c491a0f3/assets/
VERBOSE: MPQ search paths:
     1. '/media/fat/_CodexDiabloGameData/'
     2. '/media/fat/tmp_esc/diablo-candidate-v2-profile-reset/saves/'
     3. '/media/fat/tmp_esc/diablo-candidate-v2-profile-reset/config/'
     4. '/usr/local/share/diasurgical/devilutionx/'
     5. '/usr/share/diasurgical/devilutionx/'
     6. ''
VERBOSE: Missing: devilutionx
VERBOSE: Missing: fonts
VERBOSE:   Found: hellfire in /media/fat/_CodexDiabloGameData/
VERBOSE: Paths:
    base: /media/fat/_CodexDiabloGameData/
    pref: /media/fat/tmp_esc/diablo-candidate-v2-profile-reset/saves/
  config: /media/fat/tmp_esc/diablo-candidate-v2-profile-reset/config/
  assets: /media/fat/.diablo-releases/41acf056f52c02019c8fd67b50af7ac2db26a4abb60c924c09b3fcb7c491a0f3/assets/
VERBOSE: MPQ search paths:
     1. '/media/fat/_CodexDiabloGameData/'
     2. '/media/fat/tmp_esc/diablo-candidate-v2-profile-reset/saves/'
     3. '/media/fat/tmp_esc/diablo-candidate-v2-profile-reset/config/'
     4. '/usr/local/share/diasurgical/devilutionx/'
     5. '/usr/share/diasurgical/devilutionx/'
     6. ''
VERBOSE: Paths:
    base: /media/fat/_CodexDiabloGameData/
    pref: /media/fat/tmp_esc/diablo-candidate-v2-profile-reset/saves/
  config: /media/fat/tmp_esc/diablo-candidate-v2-profile-reset/config/
  assets: /media/fat/.diablo-releases/41acf056f52c02019c8fd67b50af7ac2db26a4abb60c924c09b3fcb7c491a0f3/assets/
VERBOSE: MPQ search paths:
     1. '/media/fat/_CodexDiabloGameData/'
     2. '/media/fat/tmp_esc/diablo-candidate-v2-profile-reset/saves/'
     3. '/media/fat/tmp_esc/diablo-candidate-v2-profile-reset/config/'
     4. '/usr/local/share/diasurgical/devilutionx/'
     5. '/usr/share/diasurgical/devilutionx/'
     6. ''
VERBOSE: Paths:
    base: /media/fat/_CodexDiabloGameData/
    pref: /media/fat/tmp_esc/diablo-candidate-v2-profile-reset/saves/
  config: /media/fat/tmp_esc/diablo-candidate-v2-profile-reset/config/
  assets: /media/fat/.diablo-releases/41acf056f52c02019c8fd67b50af7ac2db26a4abb60c924c09b3fcb7c491a0f3/assets/
VERBOSE: MPQ search paths:
     1. '/media/fat/_CodexDiabloGameData/'
     2. '/media/fat/tmp_esc/diablo-candidate-v2-profile-reset/saves/'
     3. '/media/fat/tmp_esc/diablo-candidate-v2-profile-reset/config/'
     4. '/usr/local/share/diasurgical/devilutionx/'
     5. '/usr/share/diasurgical/devilutionx/'
     6. ''
VERBOSE: Paths:
    base: /media/fat/_CodexDiabloGameData/
    pref: /media/fat/tmp_esc/diablo-candidate-v2-profile-reset/saves/
  config: /media/fat/tmp_esc/diablo-candidate-v2-profile-reset/config/
  assets: /media/fat/.diablo-releases/41acf056f52c02019c8fd67b50af7ac2db26a4abb60c924c09b3fcb7c491a0f3/assets/
VERBOSE: MPQ search paths:
     1. '/media/fat/_CodexDiabloGameData/'
     2. '/media/fat/tmp_esc/diablo-candidate-v2-profile-reset/saves/'
     3. '/media/fat/tmp_esc/diablo-candidate-v2-profile-reset/config/'
     4. '/usr/local/share/diasurgical/devilutionx/'
     5. '/usr/share/diasurgical/devilutionx/'
     6. ''
VERBOSE: Paths:
    base: /media/fat/_CodexDiabloGameData/
    pref: /media/fat/tmp_esc/diablo-candidate-v2-profile-reset/saves/
  config: /media/fat/tmp_esc/diablo-candidate-v2-profile-reset/config/
  assets: /media/fat/.diablo-releases/41acf056f52c02019c8fd67b50af7ac2db26a4abb60c924c09b3fcb7c491a0f3/assets/
VERBOSE: MPQ search paths:
     1. '/media/fat/_CodexDiabloGameData/'
     2. '/media/fat/tmp_esc/diablo-candidate-v2-profile-reset/saves/'
     3. '/media/fat/tmp_esc/diablo-candidate-v2-profile-reset/config/'
     4. '/usr/local/share/diasurgical/devilutionx/'
     5. '/usr/share/diasurgical/devilutionx/'
     6. ''
VERBOSE: Found user preferred locales: C
VERBOSE: Trying to load translation: C
VERBOSE: No suitable translation found
DEBUG: Unknown pixel format
INFO: Created renderer: software
VERBOSE: Removed file: /media/fat/tmp_esc/diablo-candidate-v2-profile-reset/saves/Diablo1ReadOnlyTest.foo
VERBOSE: Paths:
    base: /media/fat/_CodexDiabloGameData/
    pref: /media/fat/tmp_esc/diablo-candidate-v2-profile-reset/saves/
  config: /media/fat/tmp_esc/diablo-candidate-v2-profile-reset/config/
  assets: /media/fat/.diablo-releases/41acf056f52c02019c8fd67b50af7ac2db26a4abb60c924c09b3fcb7c491a0f3/assets/
VERBOSE: MPQ search paths:
     1. '/media/fat/_CodexDiabloGameData/'
     2. '/media/fat/tmp_esc/diablo-candidate-v2-profile-reset/saves/'
     3. '/media/fat/tmp_esc/diablo-candidate-v2-profile-reset/config/'
     4. '/usr/local/share/diasurgical/devilutionx/'
     5. '/usr/share/diasurgical/devilutionx/'
     6. ''
VERBOSE: Paths:
    base: /media/fat/_CodexDiabloGameData/
    pref: /media/fat/tmp_esc/diablo-candidate-v2-profile-reset/saves/
  config: /media/fat/tmp_esc/diablo-candidate-v2-profile-reset/config/
  assets: /media/fat/.diablo-releases/41acf056f52c02019c8fd67b50af7ac2db26a4abb60c924c09b3fcb7c491a0f3/assets/
VERBOSE: MPQ search paths:
     1. '/media/fat/_CodexDiabloGameData/'
     2. '/media/fat/tmp_esc/diablo-candidate-v2-profile-reset/saves/'
     3. '/media/fat/tmp_esc/diablo-candidate-v2-profile-reset/config/'
     4. '/usr/local/share/diasurgical/devilutionx/'
     5. '/usr/share/diasurgical/devilutionx/'
     6. ''
VERBOSE: fopen("/media/fat/tmp_esc/diablo-candidate-v2-profile-reset/config/diablo.ini", "wb")
VERBOSE: fwrite(data, 3922)
VERBOSE: Paths:
    base: /media/fat/_CodexDiabloGameData/
    pref: /media/fat/tmp_esc/diablo-candidate-v2-profile-reset/saves/
  config: /media/fat/tmp_esc/diablo-candidate-v2-profile-reset/config/
  assets: /media/fat/.diablo-releases/41acf056f52c02019c8fd67b50af7ac2db26a4abb60c924c09b3fcb7c491a0f3/assets/
VERBOSE: MPQ search paths:
     1. '/media/fat/_CodexDiabloGameData/'
     2. '/media/fat/tmp_esc/diablo-candidate-v2-profile-reset/saves/'
     3. '/media/fat/tmp_esc/diablo-candidate-v2-profile-reset/config/'
     4. '/usr/local/share/diasurgical/devilutionx/'
     5. '/usr/share/diasurgical/devilutionx/'
     6. ''
VERBOSE:   Found: DIABDAT in /media/fat/_CodexDiabloGameData/
VERBOSE: Missing: hfbard
VERBOSE: Missing: hfbarb
VERBOSE: Paths:
    base: /media/fat/_CodexDiabloGameData/
    pref: /media/fat/tmp_esc/diablo-candidate-v2-profile-reset/saves/
  config: /media/fat/tmp_esc/diablo-candidate-v2-profile-reset/config/
  assets: /media/fat/.diablo-releases/41acf056f52c02019c8fd67b50af7ac2db26a4abb60c924c09b3fcb7c491a0f3/assets/
VERBOSE: MPQ search paths:
     1. '/media/fat/_CodexDiabloGameData/'
     2. '/media/fat/tmp_esc/diablo-candidate-v2-profile-reset/saves/'
     3. '/media/fat/tmp_esc/diablo-candidate-v2-profile-reset/config/'
     4. '/usr/local/share/diasurgical/devilutionx/'
     5. '/usr/share/diasurgical/devilutionx/'
     6. ''
VERBOSE: Paths:
    base: /media/fat/_CodexDiabloGameData/
    pref: /media/fat/tmp_esc/diablo-candidate-v2-profile-reset/saves/
  config: /media/fat/tmp_esc/diablo-candidate-v2-profile-reset/config/
  assets: /media/fat/.diablo-releases/41acf056f52c02019c8fd67b50af7ac2db26a4abb60c924c09b3fcb7c491a0f3/assets/
VERBOSE: MPQ search paths:
     1. '/media/fat/_CodexDiabloGameData/'
     2. '/media/fat/tmp_esc/diablo-candidate-v2-profile-reset/saves/'
     3. '/media/fat/tmp_esc/diablo-candidate-v2-profile-reset/config/'
     4. '/usr/local/share/diasurgical/devilutionx/'
     5. '/usr/share/diasurgical/devilutionx/'
     6. ''
DEBUG: That operation is not supported
VERBOSE: Aulib sampleRate=22050 channels=2 frameSize=1024 format=0x8010
VERBOSE: fopen("/media/fat/tmp_esc/diablo-candidate-v2-profile-reset/config/diablo.ini", "wb")
VERBOSE: fwrite(data, 4222)
INFO: Adding joystick 0: misterclaw-pad
VERBOSE: Control: device None -> Gamepad, mode None -> Gamepad
INFO: Opening game controller for joystick at index 0
DEBUG: Unexpected controller element crc
INFO: Opened game controller with mapping:
030053cf790000000600000001000000,misterclaw-pad,a:b10,b:b11,x:b13,y:b14,back:b20,guide:b22,start:b21,leftshoulder:b16,rightshoulder:b17,dpup:b23,dpdown:b24,dpleft:b25,dpright:b26,leftx:a0,lefty:a1,rightx:a3,righty:a4,lefttrigger:a2,righttrigger:a5,crc:cf53,platform:Linux
VERBOSE: Control: device Gamepad -> KeyboardAndMouse, mode Gamepad -> KeyboardAndMouse
VERBOSE: SVid audio depth=16 channels=1 rate=22050
DL pacing
Diablo MiSTer transport frame backpressure; using SDL pacing
Diablo MiSTer transport frame backpressure; using SDL pacing
Diablo MiSTer transport frame backpressure; using SDL pacing
Diablo MiSTer profile: presents=2149 published=1936 backpressure=289 timing_invalid=0 average_present_us=6983 max_present_us=515281 publish_attempts=2438 average_publish_us=5595 max_publish_us=24287 flushes=2149 average_flush_us=1 max_flush_us=36 command_attempts=0 command_batches=0 command_no_slot=0 command_overflow=0 command_publish_failures=0 command_fence_failures=0 command_frame_failures=0
Diablo MiSTer profile outcomes: runtime_unavailable=0 recovery_deferred=0 recovery_failed=0 invalid_surface=0 command_published=0 command_rejected=0 frame_published=1936 publish_failed=0 backpressure_dropped=213
Diablo MiSTer command profile: build_count=0 average_build_us=0 max_build_us=0 wait_count=0 average_wait_us=0 max_wait_us=0
