probe=1
identity=1 epoch=0xbc6efee4 arm=1 fpga=1 fault=0 detail=0x00000000
epoch_ok=1 expected_nonzero=1 header_epoch=0xbc6efee4
ring input ok=1 prod=0 cons=0 cap=256/256 bytes=32/32 epoch=0xbc6efee4/0xbc6efee4 flags=0x00000000
ring pcm ok=1 prod=200619 cons=192543 cap=32768/32768 bytes=4/4 epoch=0xbc6efee4/0xbc6efee4 flags=0x00004000
ring command_records ok=1 prod=0 cons=0 cap=2048/2048 bytes=32/32 epoch=0xbc6efee4/0xbc6efee4 flags=0x00000000
ring command_payload ok=1 prod=0 cons=0 cap=196608/196608 bytes=1/1 epoch=0xbc6efee4/0xbc6efee4 flags=0x00000000
frame[0] ok=1 state=3 gen=0xbc6efee4 producer=0xbc6efee4 pixel=0x00001000/307200 palette=0x0004c000/768 crc=0x6ac9d681 flags=0x00000001
frame[1] ok=1 state=0 gen=0xbc6efee4 producer=0xbc6efee4 pixel=0x0004d000/307200 palette=0x00098000/768 crc=0xcf3da53b flags=0x00000001
frame[2] ok=1 state=3 gen=0xbc6efee4 producer=0xbc6efee4 pixel=0x00099000/307200 palette=0x000e4000/768 crc=0xcf3da53b flags=0x00000001
validate_parts identity=1 stale_epoch=0 rings=1 frames=1
probe=2
identity=1 epoch=0xbc6efee4 arm=1 fpga=1 fault=0 detail=0x00000000
epoch_ok=1 expected_nonzero=1 header_epoch=0xbc6efee4
ring input ok=1 prod=0 cons=0 cap=256/256 bytes=32/32 epoch=0xbc6efee4/0xbc6efee4 flags=0x00000000
ring pcm ok=1 prod=584027 cons=578241 cap=32768/32768 bytes=4/4 epoch=0xbc6efee4/0xbc6efee4 flags=0x00004000
ring command_records ok=1 prod=0 cons=0 cap=2048/2048 bytes=32/32 epoch=0xbc6efee4/0xbc6efee4 flags=0x00000000
ring command_payload ok=1 prod=0 cons=0 cap=196608/196608 bytes=1/1 epoch=0xbc6efee4/0xbc6efee4 flags=0x00000000
frame[0] ok=1 state=3 gen=0xbc6efee4 producer=0xbc6efee4 pixel=0x00001000/307200 palette=0x0004c000/768 crc=0x36e96e73 flags=0x00000001
frame[1] ok=1 state=3 gen=0xbc6efee4 producer=0xbc6efee4 pixel=0x0004d000/307200 palette=0x00098000/768 crc=0x35e003e3 flags=0x00000001
frame[2] ok=1 state=0 gen=0xbc6efee4 producer=0xbc6efee4 pixel=0x00099000/307200 palette=0x000e4000/768 crc=0x36e96e73 flags=0x00000001
validate_parts identity=1 stale_epoch=0 rings=1 frames=1
probe=3
identity=1 epoch=0xbc6efee4 arm=1 fpga=1 fault=0 detail=0x00000000
epoch_ok=1 expected_nonzero=1 header_epoch=0xbc6efee4
ring input ok=1 prod=0 cons=0 cap=256/256 bytes=32/32 epoch=0xbc6efee4/0xbc6efee4 flags=0x00000000
ring pcm ok=1 prod=967435 cons=963992 cap=32768/32768 bytes=4/4 epoch=0xbc6efee4/0xbc6efee4 flags=0x00004000
ring command_records ok=1 prod=0 cons=0 cap=2048/2048 bytes=32/32 epoch=0xbc6efee4/0xbc6efee4 flags=0x00000000
ring command_payload ok=1 prod=0 cons=0 cap=196608/196608 bytes=1/1 epoch=0xbc6efee4/0xbc6efee4 flags=0x00000000
frame[0] ok=1 state=0 gen=0xbc6efee4 producer=0xbc6efee4 pixel=0x00001000/307200 palette=0x0004c000/768 crc=0x73c2c6ca flags=0x00000001
frame[1] ok=1 state=3 gen=0xbc6efee4 producer=0xbc6efee4 pixel=0x0004d000/307200 palette=0x00098000/768 crc=0x641206b9 flags=0x00000001
frame[2] ok=1 state=3 gen=0xbc6efee4 producer=0xbc6efee4 pixel=0x00099000/307200 palette=0x000e4000/768 crc=0x3b7300c4 flags=0x00000001
validate_parts identity=1 stale_epoch=0 rings=1 frames=1
probe=4
identity=1 epoch=0xbc6efee4 arm=1 fpga=1 fault=0 detail=0x00000000
epoch_ok=1 expected_nonzero=1 header_epoch=0xbc6efee4
ring input ok=1 prod=0 cons=0 cap=256/256 bytes=32/32 epoch=0xbc6efee4/0xbc6efee4 flags=0x00000000
ring pcm ok=1 prod=1350842 cons=1349942 cap=32768/32768 bytes=4/4 epoch=0xbc6efee4/0xbc6efee4 flags=0x00004000
ring command_records ok=1 prod=0 cons=0 cap=2048/2048 bytes=32/32 epoch=0xbc6efee4/0xbc6efee4 flags=0x00000000
ring command_payload ok=1 prod=0 cons=0 cap=196608/196608 bytes=1/1 epoch=0xbc6efee4/0xbc6efee4 flags=0x00000000
frame[0] ok=1 state=3 gen=0xbc6efee4 producer=0xbc6efee4 pixel=0x00001000/307200 palette=0x0004c000/768 crc=0xc32053e1 flags=0x00000001
frame[1] ok=1 state=0 gen=0xbc6efee4 producer=0xbc6efee4 pixel=0x0004d000/307200 palette=0x00098000/768 crc=0xc32053e1 flags=0x00000001
frame[2] ok=1 state=3 gen=0xbc6efee4 producer=0xbc6efee4 pixel=0x00099000/307200 palette=0x000e4000/768 crc=0xc32053e1 flags=0x00000001
validate_parts identity=1 stale_epoch=0 rings=1 frames=1
probe=5
identity=1 epoch=0xbc6efee4 arm=1 fpga=1 fault=0 detail=0x00000000
epoch_ok=1 expected_nonzero=1 header_epoch=0xbc6efee4
ring input ok=1 prod=0 cons=0 cap=256/256 bytes=32/32 epoch=0xbc6efee4/0xbc6efee4 flags=0x00000000
ring pcm ok=1 prod=1736479 cons=1735631 cap=32768/32768 bytes=4/4 epoch=0xbc6efee4/0xbc6efee4 flags=0x00004000
ring command_records ok=1 prod=0 cons=0 cap=2048/2048 bytes=32/32 epoch=0xbc6efee4/0xbc6efee4 flags=0x00000000
ring command_payload ok=1 prod=0 cons=0 cap=196608/196608 bytes=1/1 epoch=0xbc6efee4/0xbc6efee4 flags=0x00000000
frame[0] ok=1 state=3 gen=0xbc6efee4 producer=0xbc6efee4 pixel=0x00001000/307200 palette=0x0004c000/768 crc=0x895dd5a7 flags=0x00000001
frame[1] ok=1 state=0 gen=0xbc6efee4 producer=0xbc6efee4 pixel=0x0004d000/307200 palette=0x00098000/768 crc=0x870591ad flags=0x00000001
frame[2] ok=1 state=0 gen=0xbc6efee4 producer=0xbc6efee4 pixel=0x00099000/307200 palette=0x000e4000/768 crc=0xbb11d191 flags=0x00000001
validate_parts identity=1 stale_epoch=0 rings=1 frames=1
probe=6
identity=1 epoch=0xbc6efee4 arm=1 fpga=1 fault=0 detail=0x00000000
epoch_ok=1 expected_nonzero=1 header_epoch=0xbc6efee4
ring input ok=1 prod=0 cons=0 cap=256/256 bytes=32/32 epoch=0xbc6efee4/0xbc6efee4 flags=0x00000000
ring pcm ok=1 prod=2119887 cons=2119887 cap=32768/32768 bytes=4/4 epoch=0xbc6efee4/0xbc6efee4 flags=0x00003a41
ring command_records ok=1 prod=0 cons=0 cap=2048/2048 bytes=32/32 epoch=0xbc6efee4/0xbc6efee4 flags=0x00000000
ring command_payload ok=1 prod=0 cons=0 cap=196608/196608 bytes=1/1 epoch=0xbc6efee4/0xbc6efee4 flags=0x00000000
frame[0] ok=1 state=0 gen=0xbc6efee4 producer=0xbc6efee4 pixel=0x00001000/307200 palette=0x0004c000/768 crc=0xea51ae04 flags=0x00000001
frame[1] ok=1 state=0 gen=0xbc6efee4 producer=0xbc6efee4 pixel=0x0004d000/307200 palette=0x00098000/768 crc=0x6587a128 flags=0x00000001
frame[2] ok=1 state=3 gen=0xbc6efee4 producer=0xbc6efee4 pixel=0x00099000/307200 palette=0x000e4000/768 crc=0xf8293d5c flags=0x00000001
validate_parts identity=1 stale_epoch=0 rings=1 frames=1
