VERBOSE: Paths:
    base: /media/fat/_CodexDiabloGameData/
    pref: /media/fat/tmp_esc/diablo-candidate-pcm-build-v2-next/saves/
  config: /media/fat/tmp_esc/diablo-candidate-pcm-build-v2-next/config/
  assets: /media/fat/.diablo-releases/47eba876be5699e2482c79661e103e1b6401d6edeebb13efc3b316b51fade27d/assets/
VERBOSE: MPQ search paths:
     1. '/media/fat/_CodexDiabloGameData/'
     2. '/media/fat/tmp_esc/diablo-candidate-pcm-build-v2-next/saves/'
     3. '/media/fat/tmp_esc/diablo-candidate-pcm-build-v2-next/config/'
     4. '/usr/local/share/diasurgical/devilutionx/'
     5. '/usr/share/diasurgical/devilutionx/'
     6. ''
VERBOSE: Missing: devilutionx
VERBOSE: Missing: fonts
VERBOSE:   Found: hellfire in /media/fat/_CodexDiabloGameData/
VERBOSE: Paths:
    base: /media/fat/_CodexDiabloGameData/
    pref: /media/fat/tmp_esc/diablo-candidate-pcm-build-v2-next/saves/
  config: /media/fat/tmp_esc/diablo-candidate-pcm-build-v2-next/config/
  assets: /media/fat/.diablo-releases/47eba876be5699e2482c79661e103e1b6401d6edeebb13efc3b316b51fade27d/assets/
VERBOSE: MPQ search paths:
     1. '/media/fat/_CodexDiabloGameData/'
     2. '/media/fat/tmp_esc/diablo-candidate-pcm-build-v2-next/saves/'
     3. '/media/fat/tmp_esc/diablo-candidate-pcm-build-v2-next/config/'
     4. '/usr/local/share/diasurgical/devilutionx/'
     5. '/usr/share/diasurgical/devilutionx/'
     6. ''
VERBOSE: Paths:
    base: /media/fat/_CodexDiabloGameData/
    pref: /media/fat/tmp_esc/diablo-candidate-pcm-build-v2-next/saves/
  config: /media/fat/tmp_esc/diablo-candidate-pcm-build-v2-next/config/
  assets: /media/fat/.diablo-releases/47eba876be5699e2482c79661e103e1b6401d6edeebb13efc3b316b51fade27d/assets/
VERBOSE: MPQ search paths:
     1. '/media/fat/_CodexDiabloGameData/'
     2. '/media/fat/tmp_esc/diablo-candidate-pcm-build-v2-next/saves/'
     3. '/media/fat/tmp_esc/diablo-candidate-pcm-build-v2-next/config/'
     4. '/usr/local/share/diasurgical/devilutionx/'
     5. '/usr/share/diasurgical/devilutionx/'
     6. ''
VERBOSE: Paths:
    base: /media/fat/_CodexDiabloGameData/
    pref: /media/fat/tmp_esc/diablo-candidate-pcm-build-v2-next/saves/
  config: /media/fat/tmp_esc/diablo-candidate-pcm-build-v2-next/config/
  assets: /media/fat/.diablo-releases/47eba876be5699e2482c79661e103e1b6401d6edeebb13efc3b316b51fade27d/assets/
VERBOSE: MPQ search paths:
     1. '/media/fat/_CodexDiabloGameData/'
     2. '/media/fat/tmp_esc/diablo-candidate-pcm-build-v2-next/saves/'
     3. '/media/fat/tmp_esc/diablo-candidate-pcm-build-v2-next/config/'
     4. '/usr/local/share/diasurgical/devilutionx/'
     5. '/usr/share/diasurgical/devilutionx/'
     6. ''
VERBOSE: Paths:
    base: /media/fat/_CodexDiabloGameData/
    pref: /media/fat/tmp_esc/diablo-candidate-pcm-build-v2-next/saves/
  config: /media/fat/tmp_esc/diablo-candidate-pcm-build-v2-next/config/
  assets: /media/fat/.diablo-releases/47eba876be5699e2482c79661e103e1b6401d6edeebb13efc3b316b51fade27d/assets/
VERBOSE: MPQ search paths:
     1. '/media/fat/_CodexDiabloGameData/'
     2. '/media/fat/tmp_esc/diablo-candidate-pcm-build-v2-next/saves/'
     3. '/media/fat/tmp_esc/diablo-candidate-pcm-build-v2-next/config/'
     4. '/usr/local/share/diasurgical/devilutionx/'
     5. '/usr/share/diasurgical/devilutionx/'
     6. ''
VERBOSE: Paths:
    base: /media/fat/_CodexDiabloGameData/
    pref: /media/fat/tmp_esc/diablo-candidate-pcm-build-v2-next/saves/
  config: /media/fat/tmp_esc/diablo-candidate-pcm-build-v2-next/config/
  assets: /media/fat/.diablo-releases/47eba876be5699e2482c79661e103e1b6401d6edeebb13efc3b316b51fade27d/assets/
VERBOSE: MPQ search paths:
     1. '/media/fat/_CodexDiabloGameData/'
     2. '/media/fat/tmp_esc/diablo-candidate-pcm-build-v2-next/saves/'
     3. '/media/fat/tmp_esc/diablo-candidate-pcm-build-v2-next/config/'
     4. '/usr/local/share/diasurgical/devilutionx/'
     5. '/usr/share/diasurgical/devilutionx/'
     6. ''
VERBOSE: Found user preferred locales: C
VERBOSE: Trying to load translation: C
VERBOSE: No suitable translation found
DEBUG: Unknown pixel format
INFO: Created renderer: software
VERBOSE: Removed file: /media/fat/tmp_esc/diablo-candidate-pcm-build-v2-next/saves/Diablo1ReadOnlyTest.foo
VERBOSE: Paths:
    base: /media/fat/_CodexDiabloGameData/
    pref: /media/fat/tmp_esc/diablo-candidate-pcm-build-v2-next/saves/
  config: /media/fat/tmp_esc/diablo-candidate-pcm-build-v2-next/config/
  assets: /media/fat/.diablo-releases/47eba876be5699e2482c79661e103e1b6401d6edeebb13efc3b316b51fade27d/assets/
VERBOSE: MPQ search paths:
     1. '/media/fat/_CodexDiabloGameData/'
     2. '/media/fat/tmp_esc/diablo-candidate-pcm-build-v2-next/saves/'
     3. '/media/fat/tmp_esc/diablo-candidate-pcm-build-v2-next/config/'
     4. '/usr/local/share/diasurgical/devilutionx/'
     5. '/usr/share/diasurgical/devilutionx/'
     6. ''
VERBOSE: Paths:
    base: /media/fat/_CodexDiabloGameData/
    pref: /media/fat/tmp_esc/diablo-candidate-pcm-build-v2-next/saves/
  config: /media/fat/tmp_esc/diablo-candidate-pcm-build-v2-next/config/
  assets: /media/fat/.diablo-releases/47eba876be5699e2482c79661e103e1b6401d6edeebb13efc3b316b51fade27d/assets/
VERBOSE: MPQ search paths:
     1. '/media/fat/_CodexDiabloGameData/'
     2. '/media/fat/tmp_esc/diablo-candidate-pcm-build-v2-next/saves/'
     3. '/media/fat/tmp_esc/diablo-candidate-pcm-build-v2-next/config/'
     4. '/usr/local/share/diasurgical/devilutionx/'
     5. '/usr/share/diasurgical/devilutionx/'
     6. ''
VERBOSE: fopen("/media/fat/tmp_esc/diablo-candidate-pcm-build-v2-next/config/diablo.ini", "wb")
VERBOSE: fwrite(data, 3922)
VERBOSE: Paths:
    base: /media/fat/_CodexDiabloGameData/
    pref: /media/fat/tmp_esc/diablo-candidate-pcm-build-v2-next/saves/
  config: /media/fat/tmp_esc/diablo-candidate-pcm-build-v2-next/config/
  assets: /media/fat/.diablo-releases/47eba876be5699e2482c79661e103e1b6401d6edeebb13efc3b316b51fade27d/assets/
VERBOSE: MPQ search paths:
     1. '/media/fat/_CodexDiabloGameData/'
     2. '/media/fat/tmp_esc/diablo-candidate-pcm-build-v2-next/saves/'
     3. '/media/fat/tmp_esc/diablo-candidate-pcm-build-v2-next/config/'
     4. '/usr/local/share/diasurgical/devilutionx/'
     5. '/usr/share/diasurgical/devilutionx/'
     6. ''
VERBOSE:   Found: DIABDAT in /media/fat/_CodexDiabloGameData/
VERBOSE: Missing: hfbard
VERBOSE: Missing: hfbarb
VERBOSE: Paths:
    base: /media/fat/_CodexDiabloGameData/
    pref: /media/fat/tmp_esc/diablo-candidate-pcm-build-v2-next/saves/
  config: /media/fat/tmp_esc/diablo-candidate-pcm-build-v2-next/config/
  assets: /media/fat/.diablo-releases/47eba876be5699e2482c79661e103e1b6401d6edeebb13efc3b316b51fade27d/assets/
VERBOSE: MPQ search paths:
     1. '/media/fat/_CodexDiabloGameData/'
     2. '/media/fat/tmp_esc/diablo-candidate-pcm-build-v2-next/saves/'
     3. '/media/fat/tmp_esc/diablo-candidate-pcm-build-v2-next/config/'
     4. '/usr/local/share/diasurgical/devilutionx/'
     5. '/usr/share/diasurgical/devilutionx/'
     6. ''
VERBOSE: Paths:
    base: /media/fat/_CodexDiabloGameData/
    pref: /media/fat/tmp_esc/diablo-candidate-pcm-build-v2-next/saves/
  config: /media/fat/tmp_esc/diablo-candidate-pcm-build-v2-next/config/
  assets: /media/fat/.diablo-releases/47eba876be5699e2482c79661e103e1b6401d6edeebb13efc3b316b51fade27d/assets/
VERBOSE: MPQ search paths:
     1. '/media/fat/_CodexDiabloGameData/'
     2. '/media/fat/tmp_esc/diablo-candidate-pcm-build-v2-next/saves/'
     3. '/media/fat/tmp_esc/diablo-candidate-pcm-build-v2-next/config/'
     4. '/usr/local/share/diasurgical/devilutionx/'
     5. '/usr/share/diasurgical/devilutionx/'
     6. ''
DEBUG: That operation is not supported
VERBOSE: Aulib sampleRate=22050 channels=2 frameSize=1024 format=0x8010
VERBOSE: fopen("/media/fat/tmp_esc/diablo-candidate-pcm-build-v2-next/config/diablo.ini", "wb")
VERBOSE: fwrite(data, 4222)
INFO: Adding joystick 0: misterclaw-pad
VERBOSE: Control: device None -> Gamepad, mode None -> Gamepad
INFO: Opening game controller for joystick at index 0
DEBUG: Unexpected controller element crc
INFO: Opened game controller with mapping:
030053cf790000000600000001000000,misterclaw-pad,a:b10,b:b11,x:b13,y:b14,back:b20,guide:b22,start:b21,leftshoulder:b16,rightshoulder:b17,dpup:b23,dpdown:b24,dpleft:b25,dpright:b26,leftx:a0,lefty:a1,rightx:a3,righty:a4,lefttrigger:a2,righttrigger:a5,crc:cf53,platform:Linux
VERBOSE: Control: device Gamepad -> KeyboardAndMouse, mode Gamepad -> KeyboardAndMouse
VERBOSE: SVid audio depth=16 channels=1 rate=22050
DL pacing
Diablo MiSTer transport frame backpressure; using SDL pacing
Diablo MiSTer transport frame backpressure; using SDL pacing
Diablo MiSTer transport frame backpressure; using SDL pacing
