VERBOSE: Paths:
    base: /media/fat/_CodexDiabloGameData/
    pref: /media/fat/_CodexDiabloSavesEpochRebindFinal2/
  config: /media/fat/_CodexDiabloConfigEpochRebindFinal2/
  assets: /media/fat/.diablo-releases/ca88bc75483e9a3c89d095ef2e928900f1de517faf9b425aa500f5c5c4b8337a/assets/
VERBOSE: MPQ search paths:
     1. '/media/fat/_CodexDiabloGameData/'
     2. '/media/fat/_CodexDiabloSavesEpochRebindFinal2/'
     3. '/media/fat/_CodexDiabloConfigEpochRebindFinal2/'
     4. '/usr/local/share/diasurgical/devilutionx/'
     5. '/usr/share/diasurgical/devilutionx/'
     6. ''
VERBOSE: Missing: devilutionx
VERBOSE: Missing: fonts
VERBOSE:   Found: hellfire in /media/fat/_CodexDiabloGameData/
VERBOSE: Paths:
    base: /media/fat/_CodexDiabloGameData/
    pref: /media/fat/_CodexDiabloSavesEpochRebindFinal2/
  config: /media/fat/_CodexDiabloConfigEpochRebindFinal2/
  assets: /media/fat/.diablo-releases/ca88bc75483e9a3c89d095ef2e928900f1de517faf9b425aa500f5c5c4b8337a/assets/
VERBOSE: MPQ search paths:
     1. '/media/fat/_CodexDiabloGameData/'
     2. '/media/fat/_CodexDiabloSavesEpochRebindFinal2/'
     3. '/media/fat/_CodexDiabloConfigEpochRebindFinal2/'
     4. '/usr/local/share/diasurgical/devilutionx/'
     5. '/usr/share/diasurgical/devilutionx/'
     6. ''
VERBOSE: Paths:
    base: /media/fat/_CodexDiabloGameData/
    pref: /media/fat/_CodexDiabloSavesEpochRebindFinal2/
  config: /media/fat/_CodexDiabloConfigEpochRebindFinal2/
  assets: /media/fat/.diablo-releases/ca88bc75483e9a3c89d095ef2e928900f1de517faf9b425aa500f5c5c4b8337a/assets/
VERBOSE: MPQ search paths:
     1. '/media/fat/_CodexDiabloGameData/'
     2. '/media/fat/_CodexDiabloSavesEpochRebindFinal2/'
     3. '/media/fat/_CodexDiabloConfigEpochRebindFinal2/'
     4. '/usr/local/share/diasurgical/devilutionx/'
     5. '/usr/share/diasurgical/devilutionx/'
     6. ''
VERBOSE: Paths:
    base: /media/fat/_CodexDiabloGameData/
    pref: /media/fat/_CodexDiabloSavesEpochRebindFinal2/
  config: /media/fat/_CodexDiabloConfigEpochRebindFinal2/
  assets: /media/fat/.diablo-releases/ca88bc75483e9a3c89d095ef2e928900f1de517faf9b425aa500f5c5c4b8337a/assets/
VERBOSE: MPQ search paths:
     1. '/media/fat/_CodexDiabloGameData/'
     2. '/media/fat/_CodexDiabloSavesEpochRebindFinal2/'
     3. '/media/fat/_CodexDiabloConfigEpochRebindFinal2/'
     4. '/usr/local/share/diasurgical/devilutionx/'
     5. '/usr/share/diasurgical/devilutionx/'
     6. ''
VERBOSE: Paths:
    base: /media/fat/_CodexDiabloGameData/
    pref: /media/fat/_CodexDiabloSavesEpochRebindFinal2/
  config: /media/fat/_CodexDiabloConfigEpochRebindFinal2/
  assets: /media/fat/.diablo-releases/ca88bc75483e9a3c89d095ef2e928900f1de517faf9b425aa500f5c5c4b8337a/assets/
VERBOSE: MPQ search paths:
     1. '/media/fat/_CodexDiabloGameData/'
     2. '/media/fat/_CodexDiabloSavesEpochRebindFinal2/'
     3. '/media/fat/_CodexDiabloConfigEpochRebindFinal2/'
     4. '/usr/local/share/diasurgical/devilutionx/'
     5. '/usr/share/diasurgical/devilutionx/'
     6. ''
VERBOSE: Paths:
    base: /media/fat/_CodexDiabloGameData/
    pref: /media/fat/_CodexDiabloSavesEpochRebindFinal2/
  config: /media/fat/_CodexDiabloConfigEpochRebindFinal2/
  assets: /media/fat/.diablo-releases/ca88bc75483e9a3c89d095ef2e928900f1de517faf9b425aa500f5c5c4b8337a/assets/
VERBOSE: MPQ search paths:
     1. '/media/fat/_CodexDiabloGameData/'
     2. '/media/fat/_CodexDiabloSavesEpochRebindFinal2/'
     3. '/media/fat/_CodexDiabloConfigEpochRebindFinal2/'
     4. '/usr/local/share/diasurgical/devilutionx/'
     5. '/usr/share/diasurgical/devilutionx/'
     6. ''
VERBOSE: Found user preferred locales: C
VERBOSE: Trying to load translation: C
VERBOSE: No suitable translation found
DEBUG: Unknown pixel format
INFO: Created renderer: software
VERBOSE: Removed file: /media/fat/_CodexDiabloSavesEpochRebindFinal2/Diablo1ReadOnlyTest.foo
VERBOSE: Paths:
    base: /media/fat/_CodexDiabloGameData/
    pref: /media/fat/_CodexDiabloSavesEpochRebindFinal2/
  config: /media/fat/_CodexDiabloConfigEpochRebindFinal2/
  assets: /media/fat/.diablo-releases/ca88bc75483e9a3c89d095ef2e928900f1de517faf9b425aa500f5c5c4b8337a/assets/
VERBOSE: MPQ search paths:
     1. '/media/fat/_CodexDiabloGameData/'
     2. '/media/fat/_CodexDiabloSavesEpochRebindFinal2/'
     3. '/media/fat/_CodexDiabloConfigEpochRebindFinal2/'
     4. '/usr/local/share/diasurgical/devilutionx/'
     5. '/usr/share/diasurgical/devilutionx/'
     6. ''
VERBOSE: Paths:
    base: /media/fat/_CodexDiabloGameData/
    pref: /media/fat/_CodexDiabloSavesEpochRebindFinal2/
  config: /media/fat/_CodexDiabloConfigEpochRebindFinal2/
  assets: /media/fat/.diablo-releases/ca88bc75483e9a3c89d095ef2e928900f1de517faf9b425aa500f5c5c4b8337a/assets/
VERBOSE: MPQ search paths:
     1. '/media/fat/_CodexDiabloGameData/'
     2. '/media/fat/_CodexDiabloSavesEpochRebindFinal2/'
     3. '/media/fat/_CodexDiabloConfigEpochRebindFinal2/'
     4. '/usr/local/share/diasurgical/devilutionx/'
     5. '/usr/share/diasurgical/devilutionx/'
     6. ''
VERBOSE: fopen("/media/fat/_CodexDiabloConfigEpochRebindFinal2/diablo.ini", "wb")
VERBOSE: fwrite(data, 3922)
VERBOSE: Paths:
    base: /media/fat/_CodexDiabloGameData/
    pref: /media/fat/_CodexDiabloSavesEpochRebindFinal2/
  config: /media/fat/_CodexDiabloConfigEpochRebindFinal2/
  assets: /media/fat/.diablo-releases/ca88bc75483e9a3c89d095ef2e928900f1de517faf9b425aa500f5c5c4b8337a/assets/
VERBOSE: MPQ search paths:
     1. '/media/fat/_CodexDiabloGameData/'
     2. '/media/fat/_CodexDiabloSavesEpochRebindFinal2/'
     3. '/media/fat/_CodexDiabloConfigEpochRebindFinal2/'
     4. '/usr/local/share/diasurgical/devilutionx/'
     5. '/usr/share/diasurgical/devilutionx/'
     6. ''
VERBOSE:   Found: DIABDAT in /media/fat/_CodexDiabloGameData/
VERBOSE: Missing: hfbard
VERBOSE: Missing: hfbarb
VERBOSE: Paths:
    base: /media/fat/_CodexDiabloGameData/
    pref: /media/fat/_CodexDiabloSavesEpochRebindFinal2/
  config: /media/fat/_CodexDiabloConfigEpochRebindFinal2/
  assets: /media/fat/.diablo-releases/ca88bc75483e9a3c89d095ef2e928900f1de517faf9b425aa500f5c5c4b8337a/assets/
VERBOSE: MPQ search paths:
     1. '/media/fat/_CodexDiabloGameData/'
     2. '/media/fat/_CodexDiabloSavesEpochRebindFinal2/'
     3. '/media/fat/_CodexDiabloConfigEpochRebindFinal2/'
     4. '/usr/local/share/diasurgical/devilutionx/'
     5. '/usr/share/diasurgical/devilutionx/'
     6. ''
VERBOSE: Paths:
    base: /media/fat/_CodexDiabloGameData/
    pref: /media/fat/_CodexDiabloSavesEpochRebindFinal2/
  config: /media/fat/_CodexDiabloConfigEpochRebindFinal2/
  assets: /media/fat/.diablo-releases/ca88bc75483e9a3c89d095ef2e928900f1de517faf9b425aa500f5c5c4b8337a/assets/
VERBOSE: MPQ search paths:
     1. '/media/fat/_CodexDiabloGameData/'
     2. '/media/fat/_CodexDiabloSavesEpochRebindFinal2/'
     3. '/media/fat/_CodexDiabloConfigEpochRebindFinal2/'
     4. '/usr/local/share/diasurgical/devilutionx/'
     5. '/usr/share/diasurgical/devilutionx/'
     6. ''
DEBUG: That operation is not supported
VERBOSE: Aulib sampleRate=22050 channels=2 frameSize=1024 format=0x8010
VERBOSE: fopen("/media/fat/_CodexDiabloConfigEpochRebindFinal2/diablo.ini", "wb")
VERBOSE: fwrite(data, 4222)
VERBOSE: Control: device None -> KeyboardAndMouse, mode None -> KeyboardAndMouse
VERBOSE: SVid audio depth=16 channels=1 rate=22050
DL pacing
Diablo MiSTer transport frame backpressure; using SDL pacing
Diablo MiSTer transport frame backpressure; using SDL pacing
Diablo MiSTer transport frame backpressure; using SDL pacing
Diablo MiSTer profile: presents=2136 published=1897 backpressure=331 timing_invalid=0 average_present_us=6999 max_present_us=522764 publish_attempts=2467 average_publish_us=5456 max_publish_us=50090 flushes=2136 average_flush_us=1 max_flush_us=19 command_attempts=0 command_batches=0 command_no_slot=0 command_overflow=0 command_publish_failures=0 command_fence_failures=0 command_frame_failures=0
Diablo MiSTer profile outcomes: runtime_unavailable=0 recovery_deferred=0 recovery_failed=0 invalid_surface=0 command_published=0 command_rejected=0 frame_published=1897 publish_failed=0 backpressure_dropped=239
Diablo MiSTer command profile: build_count=0 average_build_us=0 max_build_us=0 wait_count=0 average_wait_us=0 max_wait_us=0
Diablo MiSTer profile trace write failed: false
