VERBOSE: Paths:
    base: /media/fat/_CodexDiabloGameData/
    pref: /media/fat/_CodexDiabloSavesEpochRebindFinal5/
  config: /media/fat/_CodexDiabloConfigEpochRebindFinal5/
  assets: /media/fat/.diablo-releases/abbf37b542704e0957ad7b495916536e0661beead84e6f282e137bbf50dc72da/assets/
VERBOSE: MPQ search paths:
     1. '/media/fat/_CodexDiabloGameData/'
     2. '/media/fat/_CodexDiabloSavesEpochRebindFinal5/'
     3. '/media/fat/_CodexDiabloConfigEpochRebindFinal5/'
     4. '/usr/local/share/diasurgical/devilutionx/'
     5. '/usr/share/diasurgical/devilutionx/'
     6. ''
VERBOSE: Missing: devilutionx
VERBOSE: Missing: fonts
VERBOSE:   Found: hellfire in /media/fat/_CodexDiabloGameData/
VERBOSE: Paths:
    base: /media/fat/_CodexDiabloGameData/
    pref: /media/fat/_CodexDiabloSavesEpochRebindFinal5/
  config: /media/fat/_CodexDiabloConfigEpochRebindFinal5/
  assets: /media/fat/.diablo-releases/abbf37b542704e0957ad7b495916536e0661beead84e6f282e137bbf50dc72da/assets/
VERBOSE: MPQ search paths:
     1. '/media/fat/_CodexDiabloGameData/'
     2. '/media/fat/_CodexDiabloSavesEpochRebindFinal5/'
     3. '/media/fat/_CodexDiabloConfigEpochRebindFinal5/'
     4. '/usr/local/share/diasurgical/devilutionx/'
     5. '/usr/share/diasurgical/devilutionx/'
     6. ''
VERBOSE: Paths:
    base: /media/fat/_CodexDiabloGameData/
    pref: /media/fat/_CodexDiabloSavesEpochRebindFinal5/
  config: /media/fat/_CodexDiabloConfigEpochRebindFinal5/
  assets: /media/fat/.diablo-releases/abbf37b542704e0957ad7b495916536e0661beead84e6f282e137bbf50dc72da/assets/
VERBOSE: MPQ search paths:
     1. '/media/fat/_CodexDiabloGameData/'
     2. '/media/fat/_CodexDiabloSavesEpochRebindFinal5/'
     3. '/media/fat/_CodexDiabloConfigEpochRebindFinal5/'
     4. '/usr/local/share/diasurgical/devilutionx/'
     5. '/usr/share/diasurgical/devilutionx/'
     6. ''
VERBOSE: Paths:
    base: /media/fat/_CodexDiabloGameData/
    pref: /media/fat/_CodexDiabloSavesEpochRebindFinal5/
  config: /media/fat/_CodexDiabloConfigEpochRebindFinal5/
  assets: /media/fat/.diablo-releases/abbf37b542704e0957ad7b495916536e0661beead84e6f282e137bbf50dc72da/assets/
VERBOSE: MPQ search paths:
     1. '/media/fat/_CodexDiabloGameData/'
     2. '/media/fat/_CodexDiabloSavesEpochRebindFinal5/'
     3. '/media/fat/_CodexDiabloConfigEpochRebindFinal5/'
     4. '/usr/local/share/diasurgical/devilutionx/'
     5. '/usr/share/diasurgical/devilutionx/'
     6. ''
VERBOSE: Paths:
    base: /media/fat/_CodexDiabloGameData/
    pref: /media/fat/_CodexDiabloSavesEpochRebindFinal5/
  config: /media/fat/_CodexDiabloConfigEpochRebindFinal5/
  assets: /media/fat/.diablo-releases/abbf37b542704e0957ad7b495916536e0661beead84e6f282e137bbf50dc72da/assets/
VERBOSE: MPQ search paths:
     1. '/media/fat/_CodexDiabloGameData/'
     2. '/media/fat/_CodexDiabloSavesEpochRebindFinal5/'
     3. '/media/fat/_CodexDiabloConfigEpochRebindFinal5/'
     4. '/usr/local/share/diasurgical/devilutionx/'
     5. '/usr/share/diasurgical/devilutionx/'
     6. ''
VERBOSE: Paths:
    base: /media/fat/_CodexDiabloGameData/
    pref: /media/fat/_CodexDiabloSavesEpochRebindFinal5/
  config: /media/fat/_CodexDiabloConfigEpochRebindFinal5/
  assets: /media/fat/.diablo-releases/abbf37b542704e0957ad7b495916536e0661beead84e6f282e137bbf50dc72da/assets/
VERBOSE: MPQ search paths:
     1. '/media/fat/_CodexDiabloGameData/'
     2. '/media/fat/_CodexDiabloSavesEpochRebindFinal5/'
     3. '/media/fat/_CodexDiabloConfigEpochRebindFinal5/'
     4. '/usr/local/share/diasurgical/devilutionx/'
     5. '/usr/share/diasurgical/devilutionx/'
     6. ''
DEBUG: Unknown pixel format
INFO: Created renderer: software
VERBOSE: Removed file: /media/fat/_CodexDiabloSavesEpochRebindFinal5/Diablo1ReadOnlyTest.foo
VERBOSE: Paths:
    base: /media/fat/_CodexDiabloGameData/
    pref: /media/fat/_CodexDiabloSavesEpochRebindFinal5/
  config: /media/fat/_CodexDiabloConfigEpochRebindFinal5/
  assets: /media/fat/.diablo-releases/abbf37b542704e0957ad7b495916536e0661beead84e6f282e137bbf50dc72da/assets/
VERBOSE: MPQ search paths:
     1. '/media/fat/_CodexDiabloGameData/'
     2. '/media/fat/_CodexDiabloSavesEpochRebindFinal5/'
     3. '/media/fat/_CodexDiabloConfigEpochRebindFinal5/'
     4. '/usr/local/share/diasurgical/devilutionx/'
     5. '/usr/share/diasurgical/devilutionx/'
     6. ''
VERBOSE: Paths:
    base: /media/fat/_CodexDiabloGameData/
    pref: /media/fat/_CodexDiabloSavesEpochRebindFinal5/
  config: /media/fat/_CodexDiabloConfigEpochRebindFinal5/
  assets: /media/fat/.diablo-releases/abbf37b542704e0957ad7b495916536e0661beead84e6f282e137bbf50dc72da/assets/
VERBOSE: MPQ search paths:
     1. '/media/fat/_CodexDiabloGameData/'
     2. '/media/fat/_CodexDiabloSavesEpochRebindFinal5/'
     3. '/media/fat/_CodexDiabloConfigEpochRebindFinal5/'
     4. '/usr/local/share/diasurgical/devilutionx/'
     5. '/usr/share/diasurgical/devilutionx/'
     6. ''
VERBOSE: Paths:
    base: /media/fat/_CodexDiabloGameData/
    pref: /media/fat/_CodexDiabloSavesEpochRebindFinal5/
  config: /media/fat/_CodexDiabloConfigEpochRebindFinal5/
  assets: /media/fat/.diablo-releases/abbf37b542704e0957ad7b495916536e0661beead84e6f282e137bbf50dc72da/assets/
VERBOSE: MPQ search paths:
     1. '/media/fat/_CodexDiabloGameData/'
     2. '/media/fat/_CodexDiabloSavesEpochRebindFinal5/'
     3. '/media/fat/_CodexDiabloConfigEpochRebindFinal5/'
     4. '/usr/local/share/diasurgical/devilutionx/'
     5. '/usr/share/diasurgical/devilutionx/'
     6. ''
VERBOSE:   Found: DIABDAT in /media/fat/_CodexDiabloGameData/
VERBOSE: Missing: hfbard
VERBOSE: Missing: hfbarb
VERBOSE: Paths:
    base: /media/fat/_CodexDiabloGameData/
    pref: /media/fat/_CodexDiabloSavesEpochRebindFinal5/
  config: /media/fat/_CodexDiabloConfigEpochRebindFinal5/
  assets: /media/fat/.diablo-releases/abbf37b542704e0957ad7b495916536e0661beead84e6f282e137bbf50dc72da/assets/
VERBOSE: MPQ search paths:
     1. '/media/fat/_CodexDiabloGameData/'
     2. '/media/fat/_CodexDiabloSavesEpochRebindFinal5/'
     3. '/media/fat/_CodexDiabloConfigEpochRebindFinal5/'
     4. '/usr/local/share/diasurgical/devilutionx/'
     5. '/usr/share/diasurgical/devilutionx/'
     6. ''
VERBOSE: Paths:
    base: /media/fat/_CodexDiabloGameData/
    pref: /media/fat/_CodexDiabloSavesEpochRebindFinal5/
  config: /media/fat/_CodexDiabloConfigEpochRebindFinal5/
  assets: /media/fat/.diablo-releases/abbf37b542704e0957ad7b495916536e0661beead84e6f282e137bbf50dc72da/assets/
VERBOSE: MPQ search paths:
     1. '/media/fat/_CodexDiabloGameData/'
     2. '/media/fat/_CodexDiabloSavesEpochRebindFinal5/'
     3. '/media/fat/_CodexDiabloConfigEpochRebindFinal5/'
     4. '/usr/local/share/diasurgical/devilutionx/'
     5. '/usr/share/diasurgical/devilutionx/'
     6. ''
DEBUG: That operation is not supported
VERBOSE: Aulib sampleRate=22050 channels=2 frameSize=1024 format=0x8010
VERBOSE: Control: device None -> KeyboardAndMouse, mode None -> KeyboardAndMouse
VERBOSE: SVid audio depth=16 channels=1 rate=22050
ansport frame backpressure; using SDL pacing
Diablo MiSTer transport PCM backpressure; dropping callback chunk
Diablo MiSTer transport frame backpressure; using SDL pacing
Diablo MiSTer transport PCM backpressure; dropping callback chunk
Diablo MiSTer transport frame backpressure; using SDL pacing
Diablo MiSTer transport PCM backpressure; dropping callback chunk
Diablo MiSTer transport frame backpressure; using SDL pacing
Diablo MiSTer transport PCM backpressure; dropping callback chunk
Diablo MiSTer transport frame backpressure; using SDL pacing
Diablo MiSTer transport PCM backpressure; dropping callback chunk
Diablo MiSTer transport frame backpressure; using SDL pacing
Diablo MiSTer transport PCM backpressure; dropping callback chunk
Diablo MiSTer transport frame backpressure; using SDL pacing
Diablo MiSTer transport PCM backpressure; dropping callback chunk
Diablo MiSTer transport frame backpressure; using SDL pacing
Diablo MiSTer transport PCM backpressure; dropping callback chunk
Diablo MiSTer transport frame backpressure; using SDL pacing
Diablo MiSTer transport PCM backpressure; dropping callback chunk
Diablo MiSTer transport frame backpressure; using SDL pacing
Diablo MiSTer transport PCM backpressure; dropping callback chunk
Diablo MiSTer transport frame backpressure; using SDL pacing
Diablo MiSTer transport PCM backpressure; dropping callback chunk
Diablo MiSTer transport PCM backpressure; dropping callback chunk
Diablo MiSTer transport frame backpressure; using SDL pacing
Diablo MiSTer transport PCM backpressure; dropping callback chunk
Diablo MiSTer transport frame backpressure; using SDL pacing
Diablo MiSTer transport PCM backpressure; dropping callback chunk
Diablo MiSTer transport PCM backpressure; dropping callback chunk
Diablo MiSTer transport frame backpressure; using SDL pacing
Diablo MiSTer transport PCM backpressure; dropping callback chunk
Diablo MiSTer transport frame backpressure; using SDL pacing
Diablo MiSTer transport PCM backpressure; dropping callback chunk
Diablo MiSTer transport PCM backpressure; dropping callback chunk
Diablo MiSTer transport frame backpressure; using SDL pacing
Diablo MiSTer transport PCM backpressure; dropping callback chunk
Diablo MiSTer transport frame backpressure; using SDL pacing
