probe=1
identity=1 epoch=0x37204741 arm=1 fpga=0 fault=0 detail=0x00000000
epoch_ok=1 expected_nonzero=1 header_epoch=0x37204741
ring input ok=1 prod=0 cons=0 cap=256/256 bytes=32/32 epoch=0x37204741/0x37204741 flags=0x00000000
ring pcm ok=1 prod=31206 cons=0 cap=32768/32768 bytes=4/4 epoch=0x37204741/0x37204741 flags=0x00000000
ring command_records ok=1 prod=0 cons=0 cap=2048/2048 bytes=32/32 epoch=0x37204741/0x37204741 flags=0x00000000
ring command_payload ok=1 prod=0 cons=0 cap=196608/196608 bytes=1/1 epoch=0x37204741/0x37204741 flags=0x00000000
frame[0] ok=1 state=2 gen=0x37204741 producer=0x37204741 pixel=0x00001000/307200 palette=0x0004c000/768 crc=0xba6b3632 flags=0x00000001
frame[1] ok=1 state=2 gen=0x37204741 producer=0x37204741 pixel=0x0004d000/307200 palette=0x00098000/768 crc=0xdb196b3f flags=0x00000001
frame[2] ok=1 state=2 gen=0x37204741 producer=0x37204741 pixel=0x00099000/307200 palette=0x000e4000/768 crc=0xced28ba3 flags=0x00000001
validate_parts identity=1 stale_epoch=0 rings=1 frames=1
probe=2
identity=1 epoch=0x6b435a29 arm=1 fpga=0 fault=0 detail=0x00000000
epoch_ok=1 expected_nonzero=1 header_epoch=0x6b435a29
ring input ok=1 prod=0 cons=0 cap=256/256 bytes=32/32 epoch=0x6b435a29/0x6b435a29 flags=0x00000000
ring pcm ok=1 prod=31206 cons=0 cap=32768/32768 bytes=4/4 epoch=0x6b435a29/0x6b435a29 flags=0x00000000
ring command_records ok=1 prod=0 cons=0 cap=2048/2048 bytes=32/32 epoch=0x6b435a29/0x6b435a29 flags=0x00000000
ring command_payload ok=1 prod=0 cons=0 cap=196608/196608 bytes=1/1 epoch=0x6b435a29/0x6b435a29 flags=0x00000000
frame[0] ok=1 state=2 gen=0x6b435a29 producer=0x6b435a29 pixel=0x00001000/307200 palette=0x0004c000/768 crc=0xba6b3632 flags=0x00000001
frame[1] ok=1 state=2 gen=0x6b435a29 producer=0x6b435a29 pixel=0x0004d000/307200 palette=0x00098000/768 crc=0x5430ba92 flags=0x00000001
frame[2] ok=1 state=2 gen=0x6b435a29 producer=0x6b435a29 pixel=0x00099000/307200 palette=0x000e4000/768 crc=0xa5747bb9 flags=0x00000001
validate_parts identity=1 stale_epoch=0 rings=1 frames=1
probe=3
identity=1 epoch=0x6b435a29 arm=1 fpga=0 fault=0 detail=0x00000000
epoch_ok=1 expected_nonzero=1 header_epoch=0x6b435a29
ring input ok=1 prod=0 cons=0 cap=256/256 bytes=32/32 epoch=0x6b435a29/0x6b435a29 flags=0x00000000
ring pcm ok=1 prod=31206 cons=0 cap=32768/32768 bytes=4/4 epoch=0x6b435a29/0x6b435a29 flags=0x00000000
ring command_records ok=1 prod=0 cons=0 cap=2048/2048 bytes=32/32 epoch=0x6b435a29/0x6b435a29 flags=0x00000000
ring command_payload ok=1 prod=0 cons=0 cap=196608/196608 bytes=1/1 epoch=0x6b435a29/0x6b435a29 flags=0x00000000
frame[0] ok=1 state=2 gen=0x6b435a29 producer=0x6b435a29 pixel=0x00001000/307200 palette=0x0004c000/768 crc=0xba6b3632 flags=0x00000001
frame[1] ok=1 state=2 gen=0x6b435a29 producer=0x6b435a29 pixel=0x0004d000/307200 palette=0x00098000/768 crc=0x5430ba92 flags=0x00000001
frame[2] ok=1 state=2 gen=0x6b435a29 producer=0x6b435a29 pixel=0x00099000/307200 palette=0x000e4000/768 crc=0xa5747bb9 flags=0x00000001
validate_parts identity=1 stale_epoch=0 rings=1 frames=1
probe=4
identity=1 epoch=0x6b435a29 arm=1 fpga=0 fault=0 detail=0x00000000
epoch_ok=1 expected_nonzero=1 header_epoch=0x6b435a29
ring input ok=1 prod=0 cons=0 cap=256/256 bytes=32/32 epoch=0x6b435a29/0x6b435a29 flags=0x00000000
ring pcm ok=1 prod=31206 cons=0 cap=32768/32768 bytes=4/4 epoch=0x6b435a29/0x6b435a29 flags=0x00000000
ring command_records ok=1 prod=0 cons=0 cap=2048/2048 bytes=32/32 epoch=0x6b435a29/0x6b435a29 flags=0x00000000
ring command_payload ok=1 prod=0 cons=0 cap=196608/196608 bytes=1/1 epoch=0x6b435a29/0x6b435a29 flags=0x00000000
frame[0] ok=1 state=2 gen=0x6b435a29 producer=0x6b435a29 pixel=0x00001000/307200 palette=0x0004c000/768 crc=0xba6b3632 flags=0x00000001
frame[1] ok=1 state=2 gen=0x6b435a29 producer=0x6b435a29 pixel=0x0004d000/307200 palette=0x00098000/768 crc=0x5430ba92 flags=0x00000001
frame[2] ok=1 state=2 gen=0x6b435a29 producer=0x6b435a29 pixel=0x00099000/307200 palette=0x000e4000/768 crc=0xa5747bb9 flags=0x00000001
validate_parts identity=1 stale_epoch=0 rings=1 frames=1
probe=5
identity=1 epoch=0x6b435a29 arm=1 fpga=0 fault=0 detail=0x00000000
epoch_ok=1 expected_nonzero=1 header_epoch=0x6b435a29
ring input ok=1 prod=0 cons=0 cap=256/256 bytes=32/32 epoch=0x6b435a29/0x6b435a29 flags=0x00000000
ring pcm ok=1 prod=31206 cons=0 cap=32768/32768 bytes=4/4 epoch=0x6b435a29/0x6b435a29 flags=0x00000000
ring command_records ok=1 prod=0 cons=0 cap=2048/2048 bytes=32/32 epoch=0x6b435a29/0x6b435a29 flags=0x00000000
ring command_payload ok=1 prod=0 cons=0 cap=196608/196608 bytes=1/1 epoch=0x6b435a29/0x6b435a29 flags=0x00000000
frame[0] ok=1 state=2 gen=0x6b435a29 producer=0x6b435a29 pixel=0x00001000/307200 palette=0x0004c000/768 crc=0xba6b3632 flags=0x00000001
frame[1] ok=1 state=2 gen=0x6b435a29 producer=0x6b435a29 pixel=0x0004d000/307200 palette=0x00098000/768 crc=0x5430ba92 flags=0x00000001
frame[2] ok=1 state=2 gen=0x6b435a29 producer=0x6b435a29 pixel=0x00099000/307200 palette=0x000e4000/768 crc=0xa5747bb9 flags=0x00000001
validate_parts identity=1 stale_epoch=0 rings=1 frames=1
probe=6
identity=1 epoch=0x6b435a29 arm=1 fpga=0 fault=0 detail=0x00000000
epoch_ok=1 expected_nonzero=1 header_epoch=0x6b435a29
ring input ok=1 prod=0 cons=0 cap=256/256 bytes=32/32 epoch=0x6b435a29/0x6b435a29 flags=0x00000000
ring pcm ok=1 prod=31206 cons=0 cap=32768/32768 bytes=4/4 epoch=0x6b435a29/0x6b435a29 flags=0x00000000
ring command_records ok=1 prod=0 cons=0 cap=2048/2048 bytes=32/32 epoch=0x6b435a29/0x6b435a29 flags=0x00000000
ring command_payload ok=1 prod=0 cons=0 cap=196608/196608 bytes=1/1 epoch=0x6b435a29/0x6b435a29 flags=0x00000000
frame[0] ok=1 state=2 gen=0x6b435a29 producer=0x6b435a29 pixel=0x00001000/307200 palette=0x0004c000/768 crc=0xba6b3632 flags=0x00000001
frame[1] ok=1 state=2 gen=0x6b435a29 producer=0x6b435a29 pixel=0x0004d000/307200 palette=0x00098000/768 crc=0x5430ba92 flags=0x00000001
frame[2] ok=1 state=2 gen=0x6b435a29 producer=0x6b435a29 pixel=0x00099000/307200 palette=0x000e4000/768 crc=0xa5747bb9 flags=0x00000001
validate_parts identity=1 stale_epoch=0 rings=1 frames=1
probe=7
identity=1 epoch=0x6b435a29 arm=1 fpga=0 fault=0 detail=0x00000000
epoch_ok=1 expected_nonzero=1 header_epoch=0x6b435a29
ring input ok=1 prod=0 cons=0 cap=256/256 bytes=32/32 epoch=0x6b435a29/0x6b435a29 flags=0x00000000
ring pcm ok=1 prod=31206 cons=0 cap=32768/32768 bytes=4/4 epoch=0x6b435a29/0x6b435a29 flags=0x00000000
ring command_records ok=1 prod=0 cons=0 cap=2048/2048 bytes=32/32 epoch=0x6b435a29/0x6b435a29 flags=0x00000000
ring command_payload ok=1 prod=0 cons=0 cap=196608/196608 bytes=1/1 epoch=0x6b435a29/0x6b435a29 flags=0x00000000
frame[0] ok=1 state=2 gen=0x6b435a29 producer=0x6b435a29 pixel=0x00001000/307200 palette=0x0004c000/768 crc=0xba6b3632 flags=0x00000001
frame[1] ok=1 state=2 gen=0x6b435a29 producer=0x6b435a29 pixel=0x0004d000/307200 palette=0x00098000/768 crc=0x5430ba92 flags=0x00000001
frame[2] ok=1 state=2 gen=0x6b435a29 producer=0x6b435a29 pixel=0x00099000/307200 palette=0x000e4000/768 crc=0xa5747bb9 flags=0x00000001
validate_parts identity=1 stale_epoch=0 rings=1 frames=1
probe=8
identity=1 epoch=0x6b435a29 arm=1 fpga=0 fault=0 detail=0x00000000
epoch_ok=1 expected_nonzero=1 header_epoch=0x6b435a29
ring input ok=1 prod=0 cons=0 cap=256/256 bytes=32/32 epoch=0x6b435a29/0x6b435a29 flags=0x00000000
ring pcm ok=1 prod=31206 cons=0 cap=32768/32768 bytes=4/4 epoch=0x6b435a29/0x6b435a29 flags=0x00000000
ring command_records ok=1 prod=0 cons=0 cap=2048/2048 bytes=32/32 epoch=0x6b435a29/0x6b435a29 flags=0x00000000
ring command_payload ok=1 prod=0 cons=0 cap=196608/196608 bytes=1/1 epoch=0x6b435a29/0x6b435a29 flags=0x00000000
frame[0] ok=1 state=2 gen=0x6b435a29 producer=0x6b435a29 pixel=0x00001000/307200 palette=0x0004c000/768 crc=0xba6b3632 flags=0x00000001
frame[1] ok=1 state=2 gen=0x6b435a29 producer=0x6b435a29 pixel=0x0004d000/307200 palette=0x00098000/768 crc=0x5430ba92 flags=0x00000001
frame[2] ok=1 state=2 gen=0x6b435a29 producer=0x6b435a29 pixel=0x00099000/307200 palette=0x000e4000/768 crc=0xa5747bb9 flags=0x00000001
validate_parts identity=1 stale_epoch=0 rings=1 frames=1
probe=9
identity=1 epoch=0x6b435a29 arm=1 fpga=0 fault=0 detail=0x00000000
epoch_ok=1 expected_nonzero=1 header_epoch=0x6b435a29
ring input ok=1 prod=0 cons=0 cap=256/256 bytes=32/32 epoch=0x6b435a29/0x6b435a29 flags=0x00000000
ring pcm ok=1 prod=31206 cons=0 cap=32768/32768 bytes=4/4 epoch=0x6b435a29/0x6b435a29 flags=0x00000000
ring command_records ok=1 prod=0 cons=0 cap=2048/2048 bytes=32/32 epoch=0x6b435a29/0x6b435a29 flags=0x00000000
ring command_payload ok=1 prod=0 cons=0 cap=196608/196608 bytes=1/1 epoch=0x6b435a29/0x6b435a29 flags=0x00000000
frame[0] ok=1 state=2 gen=0x6b435a29 producer=0x6b435a29 pixel=0x00001000/307200 palette=0x0004c000/768 crc=0xba6b3632 flags=0x00000001
frame[1] ok=1 state=2 gen=0x6b435a29 producer=0x6b435a29 pixel=0x0004d000/307200 palette=0x00098000/768 crc=0x5430ba92 flags=0x00000001
frame[2] ok=1 state=2 gen=0x6b435a29 producer=0x6b435a29 pixel=0x00099000/307200 palette=0x000e4000/768 crc=0xa5747bb9 flags=0x00000001
validate_parts identity=1 stale_epoch=0 rings=1 frames=1
