$ ["D:\\vibes\\fpga\\toolchains\\msys64\\ucrt64\\bin\\python.exe", "D:\\Arcade\\AI\\aCORES\\Diablo\\.work\\build\\verification\\diablo-verify-e8e75d9b-aeba-4f0a-8d79-7817f133b627-93boeo77\\support\\scripts\\test_transport_abi.py"]

D:\vibes\fpga\toolchains\msys64\ucrt64\bin\python.EXE D:\Arcade\AI\aCORES\Diablo\.work\build\verification\diablo-verify-e8e75d9b-aeba-4f0a-8d79-7817f133b627-93boeo77\support\scripts\generate_transport_abi.py --check
D:\vibes\fpga\toolchains\msys64\ucrt64\bin\g++.EXE -std=c++23 -Wall -Wextra -Werror -I D:\Arcade\AI\aCORES\Diablo\.work\build\verification\diablo-verify-e8e75d9b-aeba-4f0a-8d79-7817f133b627-93boeo77\support\reference D:\Arcade\AI\aCORES\Diablo\.work\build\verification\diablo-verify-e8e75d9b-aeba-4f0a-8d79-7817f133b627-93boeo77\support\tests\transport_abi_test.cpp -o D:\Arcade\AI\aCORES\Diablo\.work\build\verification\diablo-verify-e8e75d9b-aeba-4f0a-8d79-7817f133b627-93boeo77\.work\build\transport-abi\transport_abi_test.exe
D:\Arcade\AI\aCORES\Diablo\.work\build\verification\diablo-verify-e8e75d9b-aeba-4f0a-8d79-7817f133b627-93boeo77\.work\build\transport-abi\transport_abi_test.exe D:\Arcade\AI\aCORES\Diablo\.work\build\verification\diablo-verify-e8e75d9b-aeba-4f0a-8d79-7817f133b627-93boeo77\.work\build\transport-abi\header.hex
transport ABI host checks passed
D:\vibes\fpga\toolchains\msys64\ucrt64\bin\iverilog.EXE -g2012 -I D:\Arcade\AI\aCORES\Diablo\.work\build\verification\diablo-verify-e8e75d9b-aeba-4f0a-8d79-7817f133b627-93boeo77\rtl -s transport_abi_tb -o D:\Arcade\AI\aCORES\Diablo\.work\build\verification\diablo-verify-e8e75d9b-aeba-4f0a-8d79-7817f133b627-93boeo77\.work\build\transport-abi\transport_abi_tb.vvp D:\Arcade\AI\aCORES\Diablo\.work\build\verification\diablo-verify-e8e75d9b-aeba-4f0a-8d79-7817f133b627-93boeo77\support\tests\transport_abi_tb.sv
D:\vibes\fpga\toolchains\msys64\ucrt64\bin\vvp.EXE D:\Arcade\AI\aCORES\Diablo\.work\build\verification\diablo-verify-e8e75d9b-aeba-4f0a-8d79-7817f133b627-93boeo77\.work\build\transport-abi\transport_abi_tb.vvp
transport ABI C++/RTL layout checks passed
D:\Arcade\AI\aCORES\Diablo\.work\build\verification\diablo-verify-e8e75d9b-aeba-4f0a-8d79-7817f133b627-93boeo77\support\tests\transport_abi_tb.sv:53: $finish called at 0 (1ps)
D:\vibes\fpga\toolchains\msys64\ucrt64\bin\iverilog.EXE -g2012 -I D:\Arcade\AI\aCORES\Diablo\.work\build\verification\diablo-verify-e8e75d9b-aeba-4f0a-8d79-7817f133b627-93boeo77\rtl -s diablo_frame_ownership_tb -o D:\Arcade\AI\aCORES\Diablo\.work\build\verification\diablo-verify-e8e75d9b-aeba-4f0a-8d79-7817f133b627-93boeo77\.work\build\transport-abi\frame-ownership.vvp D:\Arcade\AI\aCORES\Diablo\.work\build\verification\diablo-verify-e8e75d9b-aeba-4f0a-8d79-7817f133b627-93boeo77\rtl\diablo_frame_ownership.sv D:\Arcade\AI\aCORES\Diablo\.work\build\verification\diablo-verify-e8e75d9b-aeba-4f0a-8d79-7817f133b627-93boeo77\support\tests\diablo_frame_ownership_tb.sv
D:\vibes\fpga\toolchains\msys64\ucrt64\bin\vvp.EXE D:\Arcade\AI\aCORES\Diablo\.work\build\verification\diablo-verify-e8e75d9b-aeba-4f0a-8d79-7817f133b627-93boeo77\.work\build\transport-abi\frame-ownership.vvp
diablo frame ownership RTL checks passed
D:\Arcade\AI\aCORES\Diablo\.work\build\verification\diablo-verify-e8e75d9b-aeba-4f0a-8d79-7817f133b627-93boeo77\support\tests\diablo_frame_ownership_tb.sv:106: $finish called at 126000 (1ps)
C:\Windows\system32\wsl.exe -d Ubuntu -- mkdir -p /tmp/diablo-verify
C:\Windows\system32\wsl.exe -d Ubuntu -- /usr/bin/arm-linux-gnueabihf-g++ -std=c++23 -O2 -mcpu=cortex-a9 -mfpu=neon -mfloat-abi=hard -I /mnt/d/Arcade/AI/aCORES/Diablo/.work/build/verification/diablo-verify-e8e75d9b-aeba-4f0a-8d79-7817f133b627-93boeo77/support/reference /mnt/d/Arcade/AI/aCORES/Diablo/.work/build/verification/diablo-verify-e8e75d9b-aeba-4f0a-8d79-7817f133b627-93boeo77/support/tests/transport_abi_test.cpp -o /tmp/diablo-verify/transport-abi-test
In file included from /mnt/d/Arcade/AI/aCORES/Diablo/.work/build/verification/diablo-verify-e8e75d9b-aeba-4f0a-8d79-7817f133b627-93boeo77/support/tests/transport_abi_test.cpp:1:
/mnt/d/Arcade/AI/aCORES/Diablo/.work/build/verification/diablo-verify-e8e75d9b-aeba-4f0a-8d79-7817f133b627-93boeo77/support/reference/transport_abi.hpp: In member function ‘std::expected<unsigned int, diablo::mister::transport::AttachError> diablo::mister::transport::AbiView::ArmConsumeInput(std::span<diablo::mister::transport::InputEvent>, uint32_t) const’:
/mnt/d/Arcade/AI/aCORES/Diablo/.work/build/verification/diablo-verify-e8e75d9b-aeba-4f0a-8d79-7817f133b627-93boeo77/support/reference/transport_abi.hpp:413:59: note: parameter passing for argument of type ‘std::span<diablo::mister::transport::InputEvent>’ changed in GCC 7.1
  413 |     [[nodiscard]] std::expected<std::size_t, AttachError> ArmConsumeInput(
      |                                                           ^~~~~~~~~~~~~~~
In file included from /mnt/d/Arcade/AI/aCORES/Diablo/.work/build/verification/diablo-verify-e8e75d9b-aeba-4f0a-8d79-7817f133b627-93boeo77/support/tests/transport_abi_test.cpp:2:
/mnt/d/Arcade/AI/aCORES/Diablo/.work/build/verification/diablo-verify-e8e75d9b-aeba-4f0a-8d79-7817f133b627-93boeo77/support/reference/transport_input.hpp: In member function ‘std::expected<unsigned int, diablo::mister::transport::AttachError> diablo::mister::transport::InputConsumer::Poll(std::span<diablo::mister::transport::InputEvent>)’:
/mnt/d/Arcade/AI/aCORES/Diablo/.work/build/verification/diablo-verify-e8e75d9b-aeba-4f0a-8d79-7817f133b627-93boeo77/support/reference/transport_input.hpp:37:63: note: parameter passing for argument of type ‘std::span<diablo::mister::transport::InputEvent>’ changed in GCC 7.1
   37 |         [[nodiscard]] std::expected<std::size_t, AttachError> Poll(std::span<InputEvent> scratch)
      |                                                               ^~~~
C:\Windows\system32\wsl.exe -d Ubuntu -- /usr/bin/qemu-arm -cpu cortex-a9 -L /usr/arm-linux-gnueabihf /tmp/diablo-verify/transport-abi-test /mnt/d/Arcade/AI/aCORES/Diablo/.work/build/verification/diablo-verify-e8e75d9b-aeba-4f0a-8d79-7817f133b627-93boeo77/.work/build/transport-abi/header.hex
transport ABI host checks passed
C:\Windows\system32\wsl.exe -d Ubuntu -- /usr/bin/arm-linux-gnueabihf-g++ -std=c++23 -O2 -mcpu=cortex-a9 -mfpu=neon -mfloat-abi=hard -static -I /mnt/d/Arcade/AI/aCORES/Diablo/.work/build/verification/diablo-verify-e8e75d9b-aeba-4f0a-8d79-7817f133b627-93boeo77/support/reference /mnt/d/Arcade/AI/aCORES/Diablo/.work/build/verification/diablo-verify-e8e75d9b-aeba-4f0a-8d79-7817f133b627-93boeo77/support/transport/transport_runtime_probe.cpp -o /tmp/diablo-verify/transport-runtime-probe
C:\Windows\system32\wsl.exe -d Ubuntu -- env DIABLO_MISTER_SHARED_PATH=/mnt/d/Arcade/AI/aCORES/Diablo/.work/build/verification/diablo-verify-e8e75d9b-aeba-4f0a-8d79-7817f133b627-93boeo77/.work/build/transport-abi/transport-runtime-memory.bin DIABLO_MISTER_TRANSPORT_LOCK=/mnt/d/Arcade/AI/aCORES/Diablo/.work/build/verification/diablo-verify-e8e75d9b-aeba-4f0a-8d79-7817f133b627-93boeo77/.work/build/transport-abi/transport-runtime.lock DIABLO_MISTER_SESSION_EPOCH=0xB6020305 /usr/bin/qemu-arm -cpu cortex-a9 -L /usr/arm-linux-gnueabihf /tmp/diablo-verify/transport-runtime-probe
transport runtime probe passed: epoch=0xb6020305 frame=1 state=2
{"status": "passed", "receipt": ".mister/evidence/transport-abi-layout-test.json"}
