VERBOSE: Paths:
    base: /media/fat/games/Diablo/
    pref: /media/fat/saves/Diablo/
  config: /media/fat/config/Diablo/
  assets: /media/fat/.diablo-releases/9b5139ea454eeafbafdeb3ecfae0de2841ad1408b672dcc73848584503dc1621/assets/
VERBOSE: MPQ search paths:
     1. '/media/fat/games/Diablo/'
     2. '/media/fat/saves/Diablo/'
     3. '/media/fat/config/Diablo/'
     4. '/usr/local/share/diasurgical/devilutionx/'
     5. '/usr/share/diasurgical/devilutionx/'
     6. ''
VERBOSE: Missing: devilutionx
VERBOSE: Missing: fonts
VERBOSE:   Found: hellfire in /media/fat/games/Diablo/
VERBOSE: Paths:
    base: /media/fat/games/Diablo/
    pref: /media/fat/saves/Diablo/
  config: /media/fat/config/Diablo/
  assets: /media/fat/.diablo-releases/9b5139ea454eeafbafdeb3ecfae0de2841ad1408b672dcc73848584503dc1621/assets/
VERBOSE: MPQ search paths:
     1. '/media/fat/games/Diablo/'
     2. '/media/fat/saves/Diablo/'
     3. '/media/fat/config/Diablo/'
     4. '/usr/local/share/diasurgical/devilutionx/'
     5. '/usr/share/diasurgical/devilutionx/'
     6. ''
VERBOSE: Paths:
    base: /media/fat/games/Diablo/
    pref: /media/fat/saves/Diablo/
  config: /media/fat/config/Diablo/
  assets: /media/fat/.diablo-releases/9b5139ea454eeafbafdeb3ecfae0de2841ad1408b672dcc73848584503dc1621/assets/
VERBOSE: MPQ search paths:
     1. '/media/fat/games/Diablo/'
     2. '/media/fat/saves/Diablo/'
     3. '/media/fat/config/Diablo/'
     4. '/usr/local/share/diasurgical/devilutionx/'
     5. '/usr/share/diasurgical/devilutionx/'
     6. ''
VERBOSE: Paths:
    base: /media/fat/games/Diablo/
    pref: /media/fat/saves/Diablo/
  config: /media/fat/config/Diablo/
  assets: /media/fat/.diablo-releases/9b5139ea454eeafbafdeb3ecfae0de2841ad1408b672dcc73848584503dc1621/assets/
VERBOSE: MPQ search paths:
     1. '/media/fat/games/Diablo/'
     2. '/media/fat/saves/Diablo/'
     3. '/media/fat/config/Diablo/'
     4. '/usr/local/share/diasurgical/devilutionx/'
     5. '/usr/share/diasurgical/devilutionx/'
     6. ''
VERBOSE: Paths:
    base: /media/fat/games/Diablo/
    pref: /media/fat/saves/Diablo/
  config: /media/fat/config/Diablo/
  assets: /media/fat/.diablo-releases/9b5139ea454eeafbafdeb3ecfae0de2841ad1408b672dcc73848584503dc1621/assets/
VERBOSE: MPQ search paths:
     1. '/media/fat/games/Diablo/'
     2. '/media/fat/saves/Diablo/'
     3. '/media/fat/config/Diablo/'
     4. '/usr/local/share/diasurgical/devilutionx/'
     5. '/usr/share/diasurgical/devilutionx/'
     6. ''
VERBOSE: Paths:
    base: /media/fat/games/Diablo/
    pref: /media/fat/saves/Diablo/
  config: /media/fat/config/Diablo/
  assets: /media/fat/.diablo-releases/9b5139ea454eeafbafdeb3ecfae0de2841ad1408b672dcc73848584503dc1621/assets/
VERBOSE: MPQ search paths:
     1. '/media/fat/games/Diablo/'
     2. '/media/fat/saves/Diablo/'
     3. '/media/fat/config/Diablo/'
     4. '/usr/local/share/diasurgical/devilutionx/'
     5. '/usr/share/diasurgical/devilutionx/'
     6. ''
DEBUG: Unknown pixel format
INFO: Created renderer: software
VERBOSE: Removed file: /media/fat/saves/Diablo/Diablo1ReadOnlyTest.foo
VERBOSE: Paths:
    base: /media/fat/games/Diablo/
    pref: /media/fat/saves/Diablo/
  config: /media/fat/config/Diablo/
  assets: /media/fat/.diablo-releases/9b5139ea454eeafbafdeb3ecfae0de2841ad1408b672dcc73848584503dc1621/assets/
VERBOSE: MPQ search paths:
     1. '/media/fat/games/Diablo/'
     2. '/media/fat/saves/Diablo/'
     3. '/media/fat/config/Diablo/'
     4. '/usr/local/share/diasurgical/devilutionx/'
     5. '/usr/share/diasurgical/devilutionx/'
     6. ''
VERBOSE: Paths:
    base: /media/fat/games/Diablo/
    pref: /media/fat/saves/Diablo/
  config: /media/fat/config/Diablo/
  assets: /media/fat/.diablo-releases/9b5139ea454eeafbafdeb3ecfae0de2841ad1408b672dcc73848584503dc1621/assets/
VERBOSE: MPQ search paths:
     1. '/media/fat/games/Diablo/'
     2. '/media/fat/saves/Diablo/'
     3. '/media/fat/config/Diablo/'
     4. '/usr/local/share/diasurgical/devilutionx/'
     5. '/usr/share/diasurgical/devilutionx/'
     6. ''
VERBOSE: Paths:
    base: /media/fat/games/Diablo/
    pref: /media/fat/saves/Diablo/
  config: /media/fat/config/Diablo/
  assets: /media/fat/.diablo-releases/9b5139ea454eeafbafdeb3ecfae0de2841ad1408b672dcc73848584503dc1621/assets/
VERBOSE: MPQ search paths:
     1. '/media/fat/games/Diablo/'
     2. '/media/fat/saves/Diablo/'
     3. '/media/fat/config/Diablo/'
     4. '/usr/local/share/diasurgical/devilutionx/'
     5. '/usr/share/diasurgical/devilutionx/'
     6. ''
VERBOSE:   Found: DIABDAT in /media/fat/games/Diablo/
VERBOSE: Missing: hfbard
VERBOSE: Missing: hfbarb
VERBOSE: Paths:
    base: /media/fat/games/Diablo/
    pref: /media/fat/saves/Diablo/
  config: /media/fat/config/Diablo/
  assets: /media/fat/.diablo-releases/9b5139ea454eeafbafdeb3ecfae0de2841ad1408b672dcc73848584503dc1621/assets/
VERBOSE: MPQ search paths:
     1. '/media/fat/games/Diablo/'
     2. '/media/fat/saves/Diablo/'
     3. '/media/fat/config/Diablo/'
     4. '/usr/local/share/diasurgical/devilutionx/'
     5. '/usr/share/diasurgical/devilutionx/'
     6. ''
VERBOSE: Paths:
    base: /media/fat/games/Diablo/
    pref: /media/fat/saves/Diablo/
  config: /media/fat/config/Diablo/
  assets: /media/fat/.diablo-releases/9b5139ea454eeafbafdeb3ecfae0de2841ad1408b672dcc73848584503dc1621/assets/
VERBOSE: MPQ search paths:
     1. '/media/fat/games/Diablo/'
     2. '/media/fat/saves/Diablo/'
     3. '/media/fat/config/Diablo/'
     4. '/usr/local/share/diasurgical/devilutionx/'
     5. '/usr/share/diasurgical/devilutionx/'
     6. ''
DEBUG: That operation is not supported
VERBOSE: Aulib sampleRate=22050 channels=2 frameSize=1024 format=0x8010
VERBOSE: Control: device None -> KeyboardAndMouse, mode None -> KeyboardAndMouse
VERBOSE: Control: device KeyboardAndMouse -> Gamepad, mode KeyboardAndMouse -> Gamepad
INFO: Opening game controller for joystick at index 0
DEBUG: Unexpected controller element crc
INFO: Opened game controller with mapping:
ff00fa904d6953546572204469007601,MiSTer Diablo Xbox-layout controller,a:b0,b:b1,x:b2,y:b3,back:b4,guide:b5,start:b6,leftstick:b7,rightstick:b8,leftshoulder:b9,rightshoulder:b10,dpup:b11,dpdown:b12,dpleft:b13,dpright:b14,leftx:a0,lefty:a1,rightx:a2,righty:a3,lefttrigger:a4,righttrigger:a5,crc:90fa,platform:Linux
INFO: Adding joystick 0: MiSTer Diablo Xbox-layout controller
VERBOSE: SVid audio depth=16 channels=1 rate=22050
DL pacing
Diablo MiSTer PCM callback: input_bytes=4096 output_frames=2229 epoch=0x88735e60
Diablo MiSTer PCM callback: input_bytes=4096 output_frames=2229 epoch=0x88735e60
Diablo MiSTer PCM callback: input_bytes=4096 output_frames=2229 epoch=0x88735e60
Diablo MiSTer transport frame backpressure; using SDL pacing
Diablo MiSTer PCM callback: input_bytes=4096 output_frames=2229 epoch=0x88735e60
Diablo MiSTer PCM callback: input_bytes=4096 output_frames=2229 epoch=0x88735e60
Diablo MiSTer PCM callback: input_bytes=4096 output_frames=2229 epoch=0x88735e60
Diablo MiSTer transport frame backpressure; using SDL pacing
Diablo MiSTer PCM callback: input_bytes=4096 output_frames=2229 epoch=0x88735e60
Diablo MiSTer PCM underflow: event=1051817549 epoch=0x88735e60 producer=983038 fetch=980809 consumer=980809 underrun=1 queue=0 state=0x000003c1 arbiter=0x120000000020008c resync=0 commit=1
Diablo MiSTer PCM health changed: queued=0 local_queue=6846 producer=1014246 consumer=1014246 underrun=84 resync=0 callbacks=455 drops=0 frames=1014246 dropped_frames=0
Diablo MiSTer PCM callback: input_bytes=4096 output_frames=2229 epoch=0x88735e60
Diablo MiSTer PCM callback: input_bytes=4096 output_frames=2229 epoch=0x88735e60
Diablo MiSTer transport frame backpressure; using SDL pacing
Diablo MiSTer PCM callback: input_bytes=4096 output_frames=2229 epoch=0x88735e60
Diablo MiSTer PCM callback: input_bytes=4096 output_frames=2229 epoch=0x88735e60
Diablo MiSTer PCM callback: input_bytes=4096 output_frames=2229 epoch=0x88735e60
Diablo MiSTer PCM callback: input_bytes=4096 output_frames=2229 epoch=0x88735e60
Diablo MiSTer PCM callback: input_bytes=4096 output_frames=2229 epoch=0x88735e60
Diablo MiSTer PCM callback: input_bytes=4096 output_frames=2229 epoch=0x88735e60
Diablo MiSTer PCM callback: input_bytes=4096 output_frames=2229 epoch=0x88735e60
Diablo MiSTer PCM callback: input_bytes=4096 output_frames=2229 epoch=0x88735e60
Diablo MiSTer PCM callback: input_bytes=4096 output_frames=2229 epoch=0x88735e60
Diablo MiSTer PCM callback: input_bytes=4096 output_frames=2229 epoch=0x88735e60
Diablo MiSTer PCM callback: input_bytes=4096 output_frames=2229 epoch=0x88735e60
Diablo MiSTer profile: presents=2161 published=1959 backpressure=282 timing_invalid=0 average_present_us=6956 max_present_us=43403 publish_attempts=2443 average_publish_us=5737 max_publish_us=43214 flushes=2161 average_flush_us=1 max_flush_us=51 command_attempts=0 command_batches=0 command_no_slot=0 command_overflow=0 command_publish_failures=0 command_fence_failures=0 command_frame_failures=0
Diablo MiSTer profile outcomes: runtime_unavailable=0 recovery_deferred=0 recovery_failed=0 invalid_surface=0 command_published=0 command_rejected=0 frame_published=1959 publish_failed=0 backpressure_dropped=202
Diablo MiSTer command profile: build_count=0 average_build_us=0 max_build_us=0 wait_count=0 average_wait_us=0 max_wait_us=0
Diablo MiSTer profile trace write failed: false
